Component: ARM Compiler 5.06 update 6 (build 750) Tool: armlink [4d35ed]

==============================================================================

Section Cross References

    startup_stm32f405xx.o(RESET) refers to startup_stm32f405xx.o(STACK) for __initial_sp
    startup_stm32f405xx.o(RESET) refers to startup_stm32f405xx.o(.text) for Reset_Handler
    startup_stm32f405xx.o(RESET) refers to stm32f4xx_it.o(i.NMI_Handler) for NMI_Handler
    startup_stm32f405xx.o(RESET) refers to stm32f4xx_it.o(i.HardFault_Handler) for HardFault_Handler
    startup_stm32f405xx.o(RESET) refers to stm32f4xx_it.o(i.MemManage_Handler) for MemManage_Handler
    startup_stm32f405xx.o(RESET) refers to stm32f4xx_it.o(i.BusFault_Handler) for BusFault_Handler
    startup_stm32f405xx.o(RESET) refers to stm32f4xx_it.o(i.UsageFault_Handler) for UsageFault_Handler
    startup_stm32f405xx.o(RESET) refers to port.o(.emb_text) for SVC_Handler
    startup_stm32f405xx.o(RESET) refers to stm32f4xx_it.o(i.DebugMon_Handler) for DebugMon_Handler
    startup_stm32f405xx.o(RESET) refers to cmsis_os2.o(i.SysTick_Handler) for SysTick_Handler
    startup_stm32f405xx.o(RESET) refers to stm32f4xx_it.o(i.EXTI9_5_IRQHandler) for EXTI9_5_IRQHandler
    startup_stm32f405xx.o(RESET) refers to stm32f4xx_it.o(i.TIM4_IRQHandler) for TIM4_IRQHandler
    startup_stm32f405xx.o(RESET) refers to stm32f4xx_it.o(i.USART1_IRQHandler) for USART1_IRQHandler
    startup_stm32f405xx.o(RESET) refers to stm32f4xx_it.o(i.USART3_IRQHandler) for USART3_IRQHandler
    startup_stm32f405xx.o(RESET) refers to stm32f4xx_it.o(i.TIM8_TRG_COM_TIM14_IRQHandler) for TIM8_TRG_COM_TIM14_IRQHandler
    startup_stm32f405xx.o(RESET) refers to stm32f4xx_it.o(i.TIM5_IRQHandler) for TIM5_IRQHandler
    startup_stm32f405xx.o(RESET) refers to stm32f4xx_it.o(i.UART4_IRQHandler) for UART4_IRQHandler
    startup_stm32f405xx.o(RESET) refers to stm32f4xx_it.o(i.TIM6_DAC_IRQHandler) for TIM6_DAC_IRQHandler
    startup_stm32f405xx.o(RESET) refers to stm32f4xx_it.o(i.DMA2_Stream0_IRQHandler) for DMA2_Stream0_IRQHandler
    startup_stm32f405xx.o(RESET) refers to stm32f4xx_it.o(i.DMA2_Stream2_IRQHandler) for DMA2_Stream2_IRQHandler
    startup_stm32f405xx.o(RESET) refers to stm32f4xx_it.o(i.USART6_IRQHandler) for USART6_IRQHandler
    startup_stm32f405xx.o(.text) refers to system_stm32f4xx.o(i.SystemInit) for SystemInit
    startup_stm32f405xx.o(.text) refers to entry.o(.ARM.Collect$$$$00000000) for __main
    main.o(i.SystemClock_Config) refers to memseta.o(.text) for __aeabi_memclr4
    main.o(i.SystemClock_Config) refers to stm32f4xx_hal_rcc.o(i.HAL_RCC_OscConfig) for HAL_RCC_OscConfig
    main.o(i.SystemClock_Config) refers to main.o(i.Error_Handler) for Error_Handler
    main.o(i.SystemClock_Config) refers to stm32f4xx_hal_rcc.o(i.HAL_RCC_ClockConfig) for HAL_RCC_ClockConfig
    main.o(i.main) refers to stm32f4xx_hal.o(i.HAL_Init) for HAL_Init
    main.o(i.main) refers to main.o(i.SystemClock_Config) for SystemClock_Config
    main.o(i.main) refers to gpio.o(i.MX_GPIO_Init) for MX_GPIO_Init
    main.o(i.main) refers to dma.o(i.MX_DMA_Init) for MX_DMA_Init
    main.o(i.main) refers to adc.o(i.MX_ADC2_Init) for MX_ADC2_Init
    main.o(i.main) refers to adc.o(i.MX_ADC1_Init) for MX_ADC1_Init
    main.o(i.main) refers to i2c.o(i.MX_I2C1_Init) for MX_I2C1_Init
    main.o(i.main) refers to i2c.o(i.MX_I2C3_Init) for MX_I2C3_Init
    main.o(i.main) refers to tim.o(i.MX_TIM2_Init) for MX_TIM2_Init
    main.o(i.main) refers to tim.o(i.MX_TIM3_Init) for MX_TIM3_Init
    main.o(i.main) refers to tim.o(i.MX_TIM4_Init) for MX_TIM4_Init
    main.o(i.main) refers to tim.o(i.MX_TIM5_Init) for MX_TIM5_Init
    main.o(i.main) refers to tim.o(i.MX_TIM9_Init) for MX_TIM9_Init
    main.o(i.main) refers to usart.o(i.MX_UART4_Init) for MX_UART4_Init
    main.o(i.main) refers to usart.o(i.MX_USART1_UART_Init) for MX_USART1_UART_Init
    main.o(i.main) refers to usart.o(i.MX_USART3_UART_Init) for MX_USART3_UART_Init
    main.o(i.main) refers to usart.o(i.MX_USART6_UART_Init) for MX_USART6_UART_Init
    main.o(i.main) refers to tim.o(i.MX_TIM6_Init) for MX_TIM6_Init
    main.o(i.main) refers to led.o(i.LED_Init) for LED_Init
    main.o(i.main) refers to oled.o(i.OLED_Init) for OLED_Init
    main.o(i.main) refers to oled.o(i.OLED_Clear) for OLED_Clear
    main.o(i.main) refers to oled.o(i.OLED_Test) for OLED_Test
    main.o(i.main) refers to adcc.o(i.ADC_Init) for ADC_Init
    main.o(i.main) refers to debug.o(i.DEBUG_Init) for DEBUG_Init
    main.o(i.main) refers to buzzer.o(i.BUZZER_Init) for BUZZER_Init
    main.o(i.main) refers to servo.o(i.SERVO_Init) for SERVO_Init
    main.o(i.main) refers to motor.o(i.MOTOR_Init) for MOTOR_Init
    main.o(i.main) refers to mpu6050.o(i.MPU6050_Init) for MPU6050_Init
    main.o(i.main) refers to oled.o(i.OLED_ShowString) for OLED_ShowString
    main.o(i.main) refers to mpu6050_dmp.o(i.MPU6050_DMP_Init) for MPU6050_DMP_Init
[...]
    HAL_I2C_Init                             0x08001da1   Thumb Code   446  stm32f4xx_hal_i2c.o(i.HAL_I2C_Init)
    HAL_I2C_IsDeviceReady                    0x08001f71   Thumb Code   430  stm32f4xx_hal_i2c.o(i.HAL_I2C_IsDeviceReady)
    HAL_I2C_Mem_Read                         0x08002129   Thumb Code   744  stm32f4xx_hal_i2c.o(i.HAL_I2C_Mem_Read)
    HAL_I2C_Mem_Write                        0x0800241d   Thumb Code   348  stm32f4xx_hal_i2c.o(i.HAL_I2C_Mem_Write)
    HAL_I2C_MspInit                          0x08002581   Thumb Code   288  i2c.o(i.HAL_I2C_MspInit)
    HAL_IncTick                              0x080026b9   Thumb Code    16  stm32f4xx_hal.o(i.HAL_IncTick)
    HAL_Init                                 0x080026d1   Thumb Code    54  stm32f4xx_hal.o(i.HAL_Init)
    HAL_InitTick                             0x0800270d   Thumb Code   160  stm32f4xx_hal_timebase_tim.o(i.HAL_InitTick)
    HAL_MspInit                              0x080027c1   Thumb Code    78  stm32f4xx_hal_msp.o(i.HAL_MspInit)
    HAL_NVIC_EnableIRQ                       0x08002815   Thumb Code    32  stm32f4xx_hal_cortex.o(i.HAL_NVIC_EnableIRQ)
    HAL_NVIC_SetPriority                     0x08002835   Thumb Code   124  stm32f4xx_hal_cortex.o(i.HAL_NVIC_SetPriority)
    HAL_NVIC_SetPriorityGrouping             0x080028b1   Thumb Code    32  stm32f4xx_hal_cortex.o(i.HAL_NVIC_SetPriorityGrouping)
    HAL_RCC_ClockConfig                      0x080028d9   Thumb Code   368  stm32f4xx_hal_rcc.o(i.HAL_RCC_ClockConfig)
    HAL_RCC_GetClockConfig                   0x08002a5d   Thumb Code    58  stm32f4xx_hal_rcc.o(i.HAL_RCC_GetClockConfig)
    HAL_RCC_GetHCLKFreq                      0x08002aa1   Thumb Code     6  stm32f4xx_hal_rcc.o(i.HAL_RCC_GetHCLKFreq)
    HAL_RCC_GetPCLK1Freq                     0x08002aad   Thumb Code    22  stm32f4xx_hal_rcc.o(i.HAL_RCC_GetPCLK1Freq)
    HAL_RCC_GetPCLK2Freq                     0x08002acd   Thumb Code    22  stm32f4xx_hal_rcc.o(i.HAL_RCC_GetPCLK2Freq)
    HAL_RCC_GetSysClockFreq                  0x08002aed   Thumb Code   162  stm32f4xx_hal_rcc.o(i.HAL_RCC_GetSysClockFreq)
    HAL_RCC_OscConfig                        0x08002b9d   Thumb Code  1172  stm32f4xx_hal_rcc.o(i.HAL_RCC_OscConfig)
    HAL_TIMEx_BreakCallback                  0x08003039   Thumb Code     2  stm32f4xx_hal_tim_ex.o(i.HAL_TIMEx_BreakCallback)
    HAL_TIMEx_CommutCallback                 0x0800303b   Thumb Code     2  stm32f4xx_hal_tim_ex.o(i.HAL_TIMEx_CommutCallback)
    HAL_TIMEx_MasterConfigSynchronization    0x0800303d   Thumb Code   150  stm32f4xx_hal_tim_ex.o(i.HAL_TIMEx_MasterConfigSynchronization)
    HAL_TIM_Base_Init                        0x080030f1   Thumb Code   102  stm32f4xx_hal_tim.o(i.HAL_TIM_Base_Init)
    HAL_TIM_Base_MspInit                     0x08003159   Thumb Code    62  tim.o(i.HAL_TIM_Base_MspInit)
    HAL_TIM_Base_Start_IT                    0x080031a1   Thumb Code   138  stm32f4xx_hal_tim.o(i.HAL_TIM_Base_Start_IT)
    HAL_TIM_Encoder_Init                     0x08003249   Thumb Code   200  stm32f4xx_hal_tim.o(i.HAL_TIM_Encoder_Init)
    HAL_TIM_Encoder_MspInit                  0x08003311   Thumb Code   256  tim.o(i.HAL_TIM_Encoder_MspInit)
    HAL_TIM_Encoder_Start_IT                 0x08003425   Thumb Code   252  stm32f4xx_hal_tim.o(i.HAL_TIM_Encoder_Start_IT)
    HAL_TIM_IC_CaptureCallback               0x08003521   Thumb Code     2  stm32f4xx_hal_tim.o(i.HAL_TIM_IC_CaptureCallback)
    HAL_TIM_IRQHandler                       0x08003523   Thumb Code   406  stm32f4xx_hal_tim.o(i.HAL_TIM_IRQHandler)
    HAL_TIM_MspPostInit                      0x080036b9   Thumb Code   220  tim.o(i.HAL_TIM_MspPostInit)
    HAL_TIM_OC_DelayElapsedCallback          0x080037a5   Thumb Code     2  stm32f4xx_hal_tim.o(i.HAL_TIM_OC_DelayElapsedCallback)
    HAL_TIM_PWM_ConfigChannel                0x080037a7   Thumb Code   260  stm32f4xx_hal_tim.o(i.HAL_TIM_PWM_ConfigChannel)
    HAL_TIM_PWM_Init                         0x080038ab   Thumb Code   102  stm32f4xx_hal_tim.o(i.HAL_TIM_PWM_Init)
    HAL_TIM_PWM_MspInit                      0x08003911   Thumb Code   128  tim.o(i.HAL_TIM_PWM_MspInit)
    HAL_TIM_PWM_PulseFinishedCallback        0x0800399d   Thumb Code     2  stm32f4xx_hal_tim.o(i.HAL_TIM_PWM_PulseFinishedCallback)
    HAL_TIM_PWM_Start                        0x080039a1   Thumb Code   238  stm32f4xx_hal_tim.o(i.HAL_TIM_PWM_Start)
    HAL_TIM_PeriodElapsedCallback            0x08003aad   Thumb Code   172  motor.o(i.HAL_TIM_PeriodElapsedCallback)
    HAL_TIM_TriggerCallback                  0x08003b71   Thumb Code     2  stm32f4xx_hal_tim.o(i.HAL_TIM_TriggerCallback)
    HAL_UARTEx_RxEventCallback               0x08003b73   Thumb Code     2  stm32f4xx_hal_uart.o(i.HAL_UARTEx_RxEventCallback)
    HAL_UART_ErrorCallback                   0x08003b75   Thumb Code     2  stm32f4xx_hal_uart.o(i.HAL_UART_ErrorCallback)
    HAL_UART_GetState                        0x08003b77   Thumb Code    20  stm32f4xx_hal_uart.o(i.HAL_UART_GetState)
    HAL_UART_IRQHandler                      0x08003b8d   Thumb Code   732  stm32f4xx_hal_uart.o(i.HAL_UART_IRQHandler)
    HAL_UART_Init                            0x08003e6d   Thumb Code   114  stm32f4xx_hal_uart.o(i.HAL_UART_Init)
    HAL_UART_MspInit                         0x08003ee1   Thumb Code   546  usart.o(i.HAL_UART_MspInit)
    HAL_UART_Receive_IT                      0x08004125   Thumb Code    66  stm32f4xx_hal_uart.o(i.HAL_UART_Receive_IT)
    HAL_UART_RxCpltCallback                  0x08004169   Thumb Code    26  stm32f4xx_it.o(i.HAL_UART_RxCpltCallback)
    HAL_UART_Transmit                        0x08004195   Thumb Code   210  stm32f4xx_hal_uart.o(i.HAL_UART_Transmit)
    HAL_UART_TxCpltCallback                  0x08004267   Thumb Code     2  stm32f4xx_hal_uart.o(i.HAL_UART_TxCpltCallback)
    HardFault_Handler                        0x08004269   Thumb Code     4  stm32f4xx_it.o(i.HardFault_Handler)
    Int_To_Byte                              0x0800476f   Thumb Code    28  bluetooth.o(i.Int_To_Byte)
    LED_All_Off                              0x0800478b   Thumb Code    16  led.o(i.LED_All_Off)
    LED_Blue_Off                             0x0800479d   Thumb Code    14  led.o(i.LED_Blue_Off)
    LED_Blue_On                              0x080047b1   Thumb Code    16  led.o(i.LED_Blue_On)
    LED_Green_Off                            0x080047c5   Thumb Code    14  led.o(i.LED_Green_Off)
    LED_Init                                 0x080047d9   Thumb Code     8  led.o(i.LED_Init)
    LED_Red_Off                              0x080047e1   Thumb Code    14  led.o(i.LED_Red_Off)
    MOTOR_Init                               0x080047f5   Thumb Code   524  motor.o(i.MOTOR_Init)
    MPU6050_DMP_Get_Data                     0x08004a41   Thumb Code   520  mpu6050_dmp.o(i.MPU6050_DMP_Get_Data)
    MPU6050_DMP_Init                         0x08004c59   Thumb Code   148  mpu6050_dmp.o(i.MPU6050_DMP_Init)
    MPU6050_Get_Acc                          0x08004cf1   Thumb Code    64  mpu6050.o(i.MPU6050_Get_Acc)
    MPU6050_Get_Gyro                         0x08004d31   Thumb Code    64  mpu6050.o(i.MPU6050_Get_Gyro)
    MPU6050_Get_ID                           0x08004d71   Thumb Code    74  mpu6050.o(i.MPU6050_Get_ID)
    MPU6050_IMU_Init                         0x08004e0d   Thumb Code    62  mpu6050_imu.o(i.MPU6050_IMU_Init)
    MPU6050_Init                             0x08004e59   Thumb Code    88  mpu6050.o(i.MPU6050_Init)
    MPU6050_ReadData                         0x08004eb1   Thumb Code    22  mpu6050.o(i.MPU6050_ReadData)
    MPU6050_Set_Accel_Fsr                    0x08004ec7   Thumb Code    16  mpu6050.o(i.MPU6050_Set_Accel_Fsr)
    MPU6050_Set_Gyro_Fsr                     0x08004ed7   Thumb Code    16  mpu6050.o(i.MPU6050_Set_Gyro_Fsr)
    MPU6050_Set_LPF                          0x08004ee7   Thumb Code    58  mpu6050.o(i.MPU6050_Set_LPF)
    MPU6050_Set_Rate                         0x08004f21   Thumb Code    56  mpu6050.o(i.MPU6050_Set_Rate)
    MPU6050_WriteReg                         0x08004f59   Thumb Code    18  mpu6050.o(i.MPU6050_WriteReg)
    MX_ADC1_Init                             0x08004f6d   Thumb Code   100  adc.o(i.MX_ADC1_Init)
    MX_ADC2_Init                             0x08004fdd   Thumb Code   100  adc.o(i.MX_ADC2_Init)
    MX_DMA_Init                              0x0800504d   Thumb Code    68  dma.o(i.MX_DMA_Init)
    MX_FREERTOS_Init                         0x08005095   Thumb Code    60  freertos.o(i.MX_FREERTOS_Init)
    MX_GPIO_Init                             0x08005101   Thumb Code   278  gpio.o(i.MX_GPIO_Init)
    MX_I2C1_Init                             0x08005229   Thumb Code    48  i2c.o(i.MX_I2C1_Init)
    MX_I2C3_Init                             0x08005265   Thumb Code    48  i2c.o(i.MX_I2C3_Init)
    MX_TIM2_Init                             0x080052a1   Thumb Code   120  tim.o(i.MX_TIM2_Init)
    MX_TIM3_Init                             0x0800531d   Thumb Code   114  tim.o(i.MX_TIM3_Init)
    MX_TIM4_Init                             0x08005399   Thumb Code   120  tim.o(i.MX_TIM4_Init)
    MX_TIM5_Init                             0x08005419   Thumb Code   120  tim.o(i.MX_TIM5_Init)
    MX_TIM6_Init                             0x08005499   Thumb Code    68  tim.o(i.MX_TIM6_Init)
    MX_TIM9_Init                             0x080054e5   Thumb Code   106  tim.o(i.MX_TIM9_Init)
    MX_UART4_Init                            0x08005559   Thumb Code    46  usart.o(i.MX_UART4_Init)
    MX_USART1_UART_Init                      0x08005591   Thumb Code    46  usart.o(i.MX_USART1_UART_Init)
    MX_USART3_UART_Init                      0x080055c9   Thumb Code    46  usart.o(i.MX_USART3_UART_Init)
    MX_USART6_UART_Init                      0x08005601   Thumb Code    46  usart.o(i.MX_USART6_UART_Init)
    MemManage_Handler                        0x08005639   Thumb Code     4  stm32f4xx_it.o(i.MemManage_Handler)
    MotorA_0                                 0x0800563d   Thumb Code    14  motor.o(i.MotorA_0)
    MotorA_1                                 0x08005651   Thumb Code    14  motor.o(i.MotorA_1)
    MotorA_Emergency_Stop                    0x08005665   Thumb Code    14  motor.o(i.MotorA_Emergency_Stop)
    MotorB_0                                 0x08005679   Thumb Code    24  motor.o(i.MotorB_0)
    MotorB_1                                 0x08005699   Thumb Code    24  motor.o(i.MotorB_1)
    NMI_Handler                              0x080056b9   Thumb Code     4  stm32f4xx_it.o(i.NMI_Handler)
    OLED_Clear                               0x080056bd   Thumb Code    56  oled.o(i.OLED_Clear)
    OLED_Init                                0x080056f5   Thumb Code    32  oled.o(i.OLED_Init)
    OLED_Set_Pos                             0x08005719   Thumb Code    36  oled.o(i.OLED_Set_Pos)
    OLED_ShowChar                            0x0800573d   Thumb Code   218  oled.o(i.OLED_ShowChar)
    OLED_ShowString                          0x08005821   Thumb Code   104  oled.o(i.OLED_ShowString)
    OLED_Showdecimal                         0x08005889   Thumb Code   364  oled.o(i.OLED_Showdecimal)
    OLED_Test                                0x080059f5   Thumb Code    18  oled.o(i.OLED_Test)
    OLED_WR_CMD                              0x08005a15   Thumb Code    34  oled.o(i.OLED_WR_CMD)
    OLED_WR_DATA                             0x08005a3d   Thumb Code    34  oled.o(i.OLED_WR_DATA)
    Radar_CheckData                          0x08005a65   Thumb Code   114  radar.o(i.Radar_CheckData)
    Radar_Control                            0x08005add   Thumb Code   500  radar.o(i.Radar_Control)
    Radar_Get_Rec_Data                       0x08005ced   Thumb Code   246  radar.o(i.Radar_Get_Rec_Data)
    Radar_Init                               0x08005df9   Thumb Code    30  radar.o(i.Radar_Init)
    Radar_Recieve                            0x08005e21   Thumb Code    18  radar.o(i.Radar_Recieve)
    SERVO_Init                               0x08005e39   Thumb Code    24  servo.o(i.SERVO_Init)
    SERVO_Left                               0x08005e55   Thumb Code    52  servo.o(i.SERVO_Left)
    SERVO_Middle                             0x08005e95   Thumb Code    10  servo.o(i.SERVO_Middle)
    SERVO_Right                              0x08005ea5   Thumb Code    52  servo.o(i.SERVO_Right)
    Sensors_I2C_ReadRegister                 0x08005ee5   Thumb Code    90  mpu6050.o(i.Sensors_I2C_ReadRegister)
    Sensors_I2C_WriteRegister                0x08005f45   Thumb Code    90  mpu6050.o(i.Sensors_I2C_WriteRegister)
    Set_PwmA                                 0x08005fa5   Thumb Code    56  motor.o(i.Set_PwmA)
    Set_PwmB                                 0x08005fe5   Thumb Code    56  motor.o(i.Set_PwmB)
    StartAvoidanceTask                       0x08006025   Thumb Code    14  freertos.o(i.StartAvoidanceTask)
    StartBalanceTask                         0x08006035   Thumb Code   134  freertos.o(i.StartBalanceTask)
    StartCommunicationTask                   0x080060cd   Thumb Code    14  freertos.o(i.StartCommunicationTask)
    StartDefaultTask                         0x080060dd   Thumb Code   214  freertos.o(i.StartDefaultTask)
    SysTick_Handler                          0x080061e5   Thumb Code    22  cmsis_os2.o(i.SysTick_Handler)
    SystemClock_Config                       0x080061fd   Thumb Code   174  main.o(i.SystemClock_Config)
    SystemInit                               0x080062b5   Thumb Code    14  system_stm32f4xx.o(i.SystemInit)
    TIM4_IRQHandler                          0x080062c9   Thumb Code    10  stm32f4xx_it.o(i.TIM4_IRQHandler)
    TIM5_IRQHandler                          0x080062d9   Thumb Code    10  stm32f4xx_it.o(i.TIM5_IRQHandler)
    TIM6_DAC_IRQHandler                      0x080062e9   Thumb Code    10  stm32f4xx_it.o(i.TIM6_DAC_IRQHandler)
    TIM8_TRG_COM_TIM14_IRQHandler            0x080062f9   Thumb Code    10  stm32f4xx_it.o(i.TIM8_TRG_COM_TIM14_IRQHandler)
    TIM_Base_SetConfig                       0x08006309   Thumb Code   170  stm32f4xx_hal_tim.o(i.TIM_Base_SetConfig)
    TIM_CCxChannelCmd                        0x080063e1   Thumb Code    34  stm32f4xx_hal_tim.o(i.TIM_CCxChannelCmd)
    TIM_OC2_SetConfig                        0x08006475   Thumb Code   114  stm32f4xx_hal_tim.o(i.TIM_OC2_SetConfig)
    UART4_IRQHandler                         0x080065bd   Thumb Code    20  stm32f4xx_it.o(i.UART4_IRQHandler)
    UART_Start_Receive_IT                    0x0800699d   Thumb Code    74  stm32f4xx_hal_uart.o(i.UART_Start_Receive_IT)
    USART1_IRQHandler                        0x08006ad9   Thumb Code    20  stm32f4xx_it.o(i.USART1_IRQHandler)
    USART3_IRQHandler                        0x08006af5   Thumb Code    10  stm32f4xx_it.o(i.USART3_IRQHandler)
    USART6_IRQHandler                        0x08006b05   Thumb Code    10  stm32f4xx_it.o(i.USART6_IRQHandler)
    UsageFault_Handler                       0x08006b15   Thumb Code     4  stm32f4xx_it.o(i.UsageFault_Handler)
    Velocity                                 0x08006b19   Thumb Code   170  control.o(i.Velocity)
    Vertical                                 0x08006be9   Thumb Code   158  control.o(i.Vertical)
    Voltage_Control                          0x08006cad   Thumb Code    48  adcc.o(i.Voltage_Control)
    __0printf                                0x08006ce5   Thumb Code    22  printfa.o(i.__0printf)
    __1printf                                0x08006ce5   Thumb Code     0  printfa.o(i.__0printf)
    __2printf                                0x08006ce5   Thumb Code     0  printfa.o(i.__0printf)
    __c89printf                              0x08006ce5   Thumb Code     0  printfa.o(i.__0printf)
    printf                                   0x08006ce5   Thumb Code     0  printfa.o(i.__0printf)
    __ARM_fpclassify                         0x08006d05   Thumb Code    48  fpclassify.o(i.__ARM_fpclassify)
    __hardfp_asin                            0x08006d79   Thumb Code   770  asin.o(i.__hardfp_asin)
    __hardfp_atan                            0x080070d9   Thumb Code   622  atan.o(i.__hardfp_atan)
    __hardfp_atan2                           0x080073b1   Thumb Code   432  atan2.o(i.__hardfp_atan2)
    __hardfp_fabs                            0x080075a1   Thumb Code    20  fabs.o(i.__hardfp_fabs)
    __kernel_poly                            0x080075b5   Thumb Code   248  poly.o(i.__kernel_poly)
    __mathlib_dbl_infnan                     0x080076ad   Thumb Code    20  dunder.o(i.__mathlib_dbl_infnan)
    __mathlib_dbl_infnan2                    0x080076c1   Thumb Code    20  dunder.o(i.__mathlib_dbl_infnan2)
    __mathlib_dbl_invalid                    0x080076d9   Thumb Code    24  dunder.o(i.__mathlib_dbl_invalid)
    __mathlib_dbl_underflow                  0x080076f9   Thumb Code    24  dunder.o(i.__mathlib_dbl_underflow)
    __scatterload_copy                       0x08007719   Thumb Code    14  handlers.o(i.__scatterload_copy)
    __scatterload_null                       0x08007727   Thumb Code     2  handlers.o(i.__scatterload_null)
    __scatterload_zeroinit                   0x08007729   Thumb Code    14  handlers.o(i.__scatterload_zeroinit)
    __set_errno                              0x08007739   Thumb Code     6  errno.o(i.__set_errno)
    atan                                     0x080080e5   Thumb Code    16  atan.o(i.atan)
    dmp_enable_6x_lp_quat                    0x08008159   Thumb Code    60  inv_mpu_dmp_motion_driver.o(i.dmp_enable_6x_lp_quat)
    dmp_enable_feature                       0x08008195   Thumb Code   530  inv_mpu_dmp_motion_driver.o(i.dmp_enable_feature)
    dmp_enable_gyro_cal                      0x080083b1   Thumb Code    62  inv_mpu_dmp_motion_driver.o(i.dmp_enable_gyro_cal)
    dmp_enable_lp_quat                       0x08008409   Thumb Code    60  inv_mpu_dmp_motion_driver.o(i.dmp_enable_lp_quat)
    dmp_load_motion_driver_firmware          0x08008445   Thumb Code    20  inv_mpu_dmp_motion_driver.o(i.dmp_load_motion_driver_firmware)
    dmp_read_fifo                            0x0800845d   Thumb Code   456  inv_mpu_dmp_motion_driver.o(i.dmp_read_fifo)
    dmp_set_accel_bias                       0x08008629   Thumb Code   302  inv_mpu_dmp_motion_driver.o(i.dmp_set_accel_bias)
    dmp_set_fifo_rate                        0x0800875d   Thumb Code    96  inv_mpu_dmp_motion_driver.o(i.dmp_set_fifo_rate)
    dmp_set_gyro_bias                        0x080087cd   Thumb Code   294  inv_mpu_dmp_motion_driver.o(i.dmp_set_gyro_bias)
    dmp_set_orientation                      0x080088fd   Thumb Code   290  inv_mpu_dmp_motion_driver.o(i.dmp_set_orientation)
    dmp_set_shake_reject_thresh              0x08008a35   Thumb Code    56  inv_mpu_dmp_motion_driver.o(i.dmp_set_shake_reject_thresh)
    dmp_set_shake_reject_time                0x08008a6d   Thumb Code    38  inv_mpu_dmp_motion_driver.o(i.dmp_set_shake_reject_time)
    dmp_set_shake_reject_timeout             0x08008a93   Thumb Code    38  inv_mpu_dmp_motion_driver.o(i.dmp_set_shake_reject_timeout)
    dmp_set_tap_axes                         0x08008ab9   Thumb Code    70  inv_mpu_dmp_motion_driver.o(i.dmp_set_tap_axes)
    dmp_set_tap_count                        0x08008aff   Thumb Code    38  inv_mpu_dmp_motion_driver.o(i.dmp_set_tap_count)
    dmp_set_tap_thresh                       0x08008b25   Thumb Code   412  inv_mpu_dmp_motion_driver.o(i.dmp_set_tap_thresh)
    dmp_set_tap_time                         0x08008ce5   Thumb Code    38  inv_mpu_dmp_motion_driver.o(i.dmp_set_tap_time)
    dmp_set_tap_time_multi                   0x08008d0b   Thumb Code    38  inv_mpu_dmp_motion_driver.o(i.dmp_set_tap_time_multi)
    fabs                                     0x08008d31   Thumb Code    24  fabs.o(i.fabs)
    fputc                                    0x08008d49   Thumb Code    22  debug.o(i.fputc)
    fund_min                                 0x08008d65   Thumb Code    56  radar.o(i.fund_min)
    get_tick_count                           0x080092dd   Thumb Code    14  mpu6050_dmp.o(i.get_tick_count)
    inv_orientation_matrix_to_scalar         0x08009439   Thumb Code    40  ml_math_func.o(i.inv_orientation_matrix_to_scalar)
    main                                     0x080094b1   Thumb Code   170  main.o(i.main)
    malloc                                   0x08009571   Thumb Code    92  malloc.o(i.malloc)
    mpu_configure_fifo                       0x080095dd   Thumb Code   106  inv_mpu.o(i.mpu_configure_fifo)
    mpu_get_accel_fsr                        0x0800964d   Thumb Code    72  inv_mpu.o(i.mpu_get_accel_fsr)
    mpu_get_accel_sens                       0x08009699   Thumb Code    78  inv_mpu.o(i.mpu_get_accel_sens)
    mpu_get_fifo_config                      0x080096ed   Thumb Code    12  inv_mpu.o(i.mpu_get_fifo_config)
    mpu_get_gyro_fsr                         0x080096fd   Thumb Code    64  inv_mpu.o(i.mpu_get_gyro_fsr)
    mpu_get_gyro_sens                        0x08009741   Thumb Code    74  inv_mpu.o(i.mpu_get_gyro_sens)
    mpu_get_lpf                              0x080097a1   Thumb Code    74  inv_mpu.o(i.mpu_get_lpf)
    mpu_get_sample_rate                      0x080097f1   Thumb Code    26  inv_mpu.o(i.mpu_get_sample_rate)
    mpu_init                                 0x08009811   Thumb Code   248  inv_mpu.o(i.mpu_init)
    mpu_load_firmware                        0x0800990d   Thumb Code   180  inv_mpu.o(i.mpu_load_firmware)
    mpu_lp_accel_mode                        0x080099c5   Thumb Code   218  inv_mpu.o(i.mpu_lp_accel_mode)
    mpu_read_fifo_stream                     0x08009aa5   Thumb Code   186  inv_mpu.o(i.mpu_read_fifo_stream)
    mpu_read_mem                             0x08009b65   Thumb Code   122  inv_mpu.o(i.mpu_read_mem)
    mpu_reset_fifo                           0x08009be5   Thumb Code   450  inv_mpu.o(i.mpu_reset_fifo)
    mpu_run_self_test                        0x08009dad   Thumb Code   282  inv_mpu.o(i.mpu_run_self_test)
    mpu_set_accel_fsr                        0x08009ecd   Thumb Code   126  inv_mpu.o(i.mpu_set_accel_fsr)
    mpu_set_bypass                           0x08009f51   Thumb Code   328  inv_mpu.o(i.mpu_set_bypass)
    mpu_set_dmp_state                        0x0800a09d   Thumb Code   138  inv_mpu.o(i.mpu_set_dmp_state)
    mpu_set_gyro_fsr                         0x0800a12d   Thumb Code   132  inv_mpu.o(i.mpu_set_gyro_fsr)
    mpu_set_int_latched                      0x0800a1b5   Thumb Code   102  inv_mpu.o(i.mpu_set_int_latched)
    mpu_set_lpf                              0x0800a221   Thumb Code   126  inv_mpu.o(i.mpu_set_lpf)
    mpu_set_sample_rate                      0x0800a2a5   Thumb Code   152  inv_mpu.o(i.mpu_set_sample_rate)
    mpu_set_sensors                          0x0800a341   Thumb Code   202  inv_mpu.o(i.mpu_set_sensors)
    mpu_write_mem                            0x0800a411   Thumb Code   122  inv_mpu.o(i.mpu_write_mem)
    myabs                                    0x0800a491   Thumb Code    14  motor.o(i.myabs)
    oled_pow                                 0x0800a49f   Thumb Code    22  oled.o(i.oled_pow)
    osDelay                                  0x0800a4b5   Thumb Code    30  cmsis_os2.o(i.osDelay)
    osKernelInitialize                       0x0800a4d5   Thumb Code    38  cmsis_os2.o(i.osKernelInitialize)
    osKernelStart                            0x0800a501   Thumb Code    82  cmsis_os2.o(i.osKernelStart)
    osThreadNew                              0x0800a561   Thumb Code   184  cmsis_os2.o(i.osThreadNew)
    pvPortMalloc                             0x0800b03d   Thumb Code   306  heap_4.o(i.pvPortMalloc)
    pxPortInitialiseStack                    0x0800b189   Thumb Code    38  port.o(i.pxPortInitialiseStack)
    run_self_test                            0x0800b1b5   Thumb Code   160  mpu6050_dmp.o(i.run_self_test)
    sqrt                                     0x0800b309   Thumb Code   110  sqrt.o(i.sqrt)
    uxListRemove                             0x0800b377   Thumb Code    40  list.o(i.uxListRemove)
    vApplicationGetIdleTaskMemory            0x0800b3a1   Thumb Code    14  cmsis_os2.o(i.vApplicationGetIdleTaskMemory)
    vApplicationGetTimerTaskMemory           0x0800b3b9   Thumb Code    16  cmsis_os2.o(i.vApplicationGetTimerTaskMemory)
    vListInitialise                          0x0800b3d1   Thumb Code    26  list.o(i.vListInitialise)
    vListInitialiseItem                      0x0800b3eb   Thumb Code     6  list.o(i.vListInitialiseItem)
    vListInsert                              0x0800b3f1   Thumb Code    52  list.o(i.vListInsert)
    vListInsertEnd                           0x0800b425   Thumb Code    24  list.o(i.vListInsertEnd)
    vPortEnterCritical                       0x0800b43d   Thumb Code    76  port.o(i.vPortEnterCritical)
    vPortExitCritical                        0x0800b491   Thumb Code    56  port.o(i.vPortExitCritical)
    vPortFree                                0x0800b4cd   Thumb Code   150  heap_4.o(i.vPortFree)
    vPortSetupTimerInterrupt                 0x0800b571   Thumb Code    36  port.o(i.vPortSetupTimerInterrupt)
    vPortValidateInterruptPriority           0x0800b599   Thumb Code   106  port.o(i.vPortValidateInterruptPriority)
    vQueueAddToRegistry                      0x0800b611   Thumb Code    38  queue.o(i.vQueueAddToRegistry)
    vQueueWaitForMessageRestricted           0x0800b63d   Thumb Code    74  queue.o(i.vQueueWaitForMessageRestricted)
    vTaskDelay                               0x0800b689   Thumb Code    82  tasks.o(i.vTaskDelay)
    vTaskInternalSetTimeOutState             0x0800b6e5   Thumb Code    14  tasks.o(i.vTaskInternalSetTimeOutState)
    vTaskMissedYield                         0x0800b6fd   Thumb Code     8  tasks.o(i.vTaskMissedYield)
    vTaskPlaceOnEventList                    0x0800b709   Thumb Code    52  tasks.o(i.vTaskPlaceOnEventList)
    vTaskPlaceOnEventListRestricted          0x0800b741   Thumb Code    60  tasks.o(i.vTaskPlaceOnEventListRestricted)
    vTaskStartScheduler                      0x0800b781   Thumb Code   156  tasks.o(i.vTaskStartScheduler)
    vTaskSuspendAll                          0x0800b839   Thumb Code    12  tasks.o(i.vTaskSuspendAll)
    vTaskSwitchContext                       0x0800b849   Thumb Code   122  tasks.o(i.vTaskSwitchContext)
    xPortStartScheduler                      0x0800b8d9   Thumb Code   330  port.o(i.xPortStartScheduler)
    xPortSysTickHandler                      0x0800ba41   Thumb Code    46  port.o(i.xPortSysTickHandler)
    xQueueGenericCreateStatic                0x0800ba75   Thumb Code   224  queue.o(i.xQueueGenericCreateStatic)
    xQueueGenericReset                       0x0800bb55   Thumb Code   146  queue.o(i.xQueueGenericReset)
    xQueueGenericSend                        0x0800bbed   Thumb Code   420  queue.o(i.xQueueGenericSend)
    xQueueGenericSendFromISR                 0x0800bd95   Thumb Code   252  queue.o(i.xQueueGenericSendFromISR)
    xQueueReceive                            0x0800be91   Thumb Code   356  queue.o(i.xQueueReceive)
    xTaskCheckForTimeOut                     0x0800bff9   Thumb Code   132  tasks.o(i.xTaskCheckForTimeOut)
    xTaskCreate                              0x0800c085   Thumb Code   100  tasks.o(i.xTaskCreate)
    xTaskCreateStatic                        0x0800c0e9   Thumb Code   186  tasks.o(i.xTaskCreateStatic)
    xTaskGetSchedulerState                   0x0800c1a5   Thumb Code    24  tasks.o(i.xTaskGetSchedulerState)
    xTaskGetTickCount                        0x0800c1c5   Thumb Code     6  tasks.o(i.xTaskGetTickCount)
    xTaskIncrementTick                       0x0800c1d1   Thumb Code   280  tasks.o(i.xTaskIncrementTick)
    xTaskPriorityDisinherit                  0x0800c315   Thumb Code   152  tasks.o(i.xTaskPriorityDisinherit)
    xTaskRemoveFromEventList                 0x0800c3b9   Thumb Code   126  tasks.o(i.xTaskRemoveFromEventList)
    xTaskResumeAll                           0x0800c451   Thumb Code   222  tasks.o(i.xTaskResumeAll)
    xTimerCreateTimerTask                    0x0800c555   Thumb Code   100  timers.o(i.xTimerCreateTimerTask)
    xTimerGenericCommand                     0x0800c5cd   Thumb Code   128  timers.o(i.xTimerGenericCommand)
    defaultTask_attributes                   0x0800c650   Data          36  freertos.o(.constdata)
    BalanceTask_attributes                   0x0800c674   Data          36  freertos.o(.constdata)
    CommunicationTask_attributes             0x0800c698   Data          36  freertos.o(.constdata)
    AvoidanceTask_attributes                 0x0800c6bc   Data          36  freertos.o(.constdata)
    F6x8                                     0x0800c6e0   Data         552  oled.o(.constdata)
    F8X16                                    0x0800c908   Data        1504  oled.o(.constdata)
    Hzk                                      0x0800cee8   Data         192  oled.o(.constdata)
    reg                                      0x0800cfa8   Data          30  inv_mpu.o(.constdata)
    hw                                       0x0800cfc6   Data          12  inv_mpu.o(.constdata)
    test                                     0x0800cfd4   Data          40  inv_mpu.o(.constdata)
    AHBPrescTable                            0x0800dbfa   Data          16  system_stm32f4xx.o(.constdata)
    APBPrescTable                            0x0800dc0a   Data           8  system_stm32f4xx.o(.constdata)
    __mathlib_zero                           0x0800dd00   Data           8  qnan.o(.constdata)
    Region$$Table$$Base                      0x0800dd44   Number         0  anon$$obj.o(Region$$Table)
    Region$$Table$$Limit                     0x0800dd64   Number         0  anon$$obj.o(Region$$Table)
    defaultTaskHandle                        0x20000000   Data           4  freertos.o(.data)
    BalanceTaskHandle                        0x20000004   Data           4  freertos.o(.data)
    CommunicationTaskHandle                  0x20000008   Data           4  freertos.o(.data)
    AvoidanceTaskHandle                      0x2000000c   Data           4  freertos.o(.data)
    BMP1                                     0x20000010   Data         128  oled.o(.data)
    CMD_Data                                 0x20000090   Data          23  oled.o(.data)
    hal_timestamp                            0x200000a8   Data           4  mpu6050_dmp.o(.data)
    NumQ                                     0x200000bc   Data          16  mpu6050_imu.o(.data)
    Bluetooth_Rx_flag                        0x200000d4   Data           1  bluetooth.o(.data)
    Med_Angle                                0x200000e0   Data           4  control.o(.data)
    Vertical_Kp                              0x200000e4   Data           4  control.o(.data)
    Vertical_Kd                              0x200000e8   Data           4  control.o(.data)
    Velocity_Kp                              0x200000ec   Data           4  control.o(.data)
    Velocity_Ki                              0x200000f0   Data           4  control.o(.data)
    Radar_Enable                             0x20000120   Data           1  radar.o(.data)
    flag_north                               0x20000121   Data           1  radar.o(.data)
    flag_east                                0x20000122   Data           1  radar.o(.data)
    flag_south                               0x20000123   Data           1  radar.o(.data)
    flag_west                                0x20000124   Data           1  radar.o(.data)
    cur                                      0x20000128   Data           4  radar.o(.data)
    Radar_Rx_flag                            0x2000012c   Data           1  radar.o(.data)
    Radar_temp_data                          0x2000012d   Data           1  radar.o(.data)
    uwTick                                   0x2000015c   Data           4  stm32f4xx_hal.o(.data)
    uwTickPrio                               0x20000160   Data           4  stm32f4xx_hal.o(.data)
    uwTickFreq                               0x20000164   Data           1  stm32f4xx_hal.o(.data)
    SystemCoreClock                          0x20000168   Data           4  system_stm32f4xx.o(.data)
    pxCurrentTCB                             0x2000016c   Data           4  tasks.o(.data)
    __stdout                                 0x200001ec   Data           4  stdout.o(.data)
    __microlib_freelist                      0x200001f0   Data           4  mvars.o(.data)
    __microlib_freelist_initialised          0x200001f4   Data           4  mvars.o(.data)
    hadc1                                    0x200001fc   Data          72  adc.o(.bss)
    hadc2                                    0x20000244   Data          72  adc.o(.bss)
    hdma_adc1                                0x2000028c   Data          96  adc.o(.bss)
    hdma_adc2                                0x200002ec   Data          96  adc.o(.bss)
    hi2c1                                    0x2000034c   Data          84  i2c.o(.bss)
    hi2c3                                    0x200003a0   Data          84  i2c.o(.bss)
    htim2                                    0x200003f4   Data          72  tim.o(.bss)
    htim3                                    0x2000043c   Data          72  tim.o(.bss)
    htim4                                    0x20000484   Data          72  tim.o(.bss)
    htim5                                    0x200004cc   Data          72  tim.o(.bss)
    htim6                                    0x20000514   Data          72  tim.o(.bss)
    htim9                                    0x2000055c   Data          72  tim.o(.bss)
    huart4                                   0x200005a4   Data          68  usart.o(.bss)
    huart1                                   0x200005e8   Data          68  usart.o(.bss)
    huart3                                   0x2000062c   Data          68  usart.o(.bss)
    huart6                                   0x20000670   Data          68  usart.o(.bss)
    htim14                                   0x200006b4   Data          72  stm32f4xx_hal_timebase_tim.o(.bss)
    ADC_Temperature_Value                    0x200006fc   Data          20  adcc.o(.bss)
    ADC_Voltage_Value                        0x20000710   Data          20  adcc.o(.bss)
    MotorA                                   0x20000724   Data          36  motor.o(.bss)
    MotorB                                   0x20000748   Data          36  motor.o(.bss)
    MPU6050_Data_DMP                         0x2000076c   Data          28  mpu6050_dmp.o(.bss)
    MPU6050_Data_IMU                         0x20000788   Data          28  mpu6050_imu.o(.bss)
    GyroIntegError                           0x200007a4   Data          12  mpu6050_imu.o(.bss)
    Bluetooth_Rec_Data                       0x200007b0   Data          16  bluetooth.o(.bss)
    Bluetooth_Send_Data                      0x200007c0   Data          20  bluetooth.o(.bss)
    Bluetooth_Recieve_Buff                   0x200007d4   Data          16  bluetooth.o(.bss)
    Bluetooth_Send_Buff                      0x200007e4   Data          23  bluetooth.o(.bss)
    Radar_Recieve_Buff                       0x200007fc   Data         116  radar.o(.bss)
    Radar_Data                               0x20000870   Data         120  radar.o(.bss)
    xQueueRegistry                           0x200008f8   Data          64  queue.o(.bss)
    __heap_base                              0x200051d8   Data           0  startup_stm32f405xx.o(HEAP)
    __heap_limit                             0x200053d8   Data           0  startup_stm32f405xx.o(HEAP)
    __initial_sp                             0x200057d8   Data           0  startup_stm32f405xx.o(STACK)



==============================================================================

Memory Map of the image

  Image Entry point : 0x08000189

  Load Region LR_IROM1 (Base: 0x08000000, Size: 0x0000df60, Max: 0x00100000, ABSOLUTE, COMPRESSED[0x0000de0c])

    Execution Region ER_IROM1 (Exec base: 0x08000000, Load base: 0x08000000, Size: 0x0000dd64, Max: 0x00100000, ABSOLUTE)

    Exec Addr    Load Addr    Size         Type   Attr      Idx    E Section Name        Object

    0x08000000   0x08000000   0x00000188   Data   RO            3    RESET               startup_stm32f405xx.o
    0x08000188   0x08000188   0x00000000   Code   RO         9316  * .ARM.Collect$$$$00000000  mc_w.l(entry.o)
    0x08000188   0x08000188   0x00000004   Code   RO         9695    .ARM.Collect$$$$00000001  mc_w.l(entry2.o)
    0x0800018c   0x0800018c   0x00000004   Code   RO         9698    .ARM.Collect$$$$00000004  mc_w.l(entry5.o)
    0x08000190   0x08000190   0x00000000   Code   RO         9700    .ARM.Collect$$$$00000008  mc_w.l(entry7b.o)
    0x08000190   0x08000190   0x00000000   Code   RO         9702    .ARM.Collect$$$$0000000A  mc_w.l(entry8b.o)
    0x08000190   0x08000190   0x00000008   Code   RO         9703    .ARM.Collect$$$$0000000B  mc_w.l(entry9a.o)
    0x08000198   0x08000198   0x00000000   Code   RO         9705    .ARM.Collect$$$$0000000D  mc_w.l(entry10a.o)
    0x08000198   0x08000198   0x00000000   Code   RO         9707    .ARM.Collect$$$$0000000F  mc_w.l(entry11a.o)
    0x08000198   0x08000198   0x00000004   Code   RO         9696    .ARM.Collect$$$$00002712  mc_w.l(entry2.o)
    0x0800019c   0x0800019c   0x000000be   Code   RO         9067    .emb_text           port.o
    0x0800025a   0x0800025a   0x00000002   PAD
    0x0800025c   0x0800025c   0x00000024   Code   RO            4    .text               startup_stm32f405xx.o
    0x08000280   0x08000280   0x00000062   Code   RO         9319    .text               mc_w.l(uldiv.o)
    0x080002e2   0x080002e2   0x00000062   Code   RO         9321    .text               mc_w.l(ldiv.o)
    0x08000344   0x08000344   0x00000024   Code   RO         9323    .text               mc_w.l(llsshr.o)
    0x08000368   0x08000368   0x00000040   Code   RO         9327    .text               mc_w.l(memmovea.o)
    0x080003a8   0x080003a8   0x00000024   Code   RO         9331    .text               mc_w.l(memseta.o)
    0x080003cc   0x080003cc   0x0000001a   Code   RO         9333    .text               mc_w.l(memcmp.o)
    0x080003e6   0x080003e6   0x0000014e   Code   RO         9628    .text               mf_w.l(dadd.o)
    0x08000534   0x08000534   0x000000e4   Code   RO         9630    .text               mf_w.l(dmul.o)
    0x08000618   0x08000618   0x000000de   Code   RO         9632    .text               mf_w.l(ddiv.o)
    0x080006f6   0x080006f6   0x00000022   Code   RO         9634    .text               mf_w.l(dflti.o)
    0x08000718   0x08000718   0x00000026   Code   RO         9638    .text               mf_w.l(f2d.o)
    0x0800073e   0x0800073e   0x00000002   PAD
    0x08000740   0x08000740   0x00000030   Code   RO         9640    .text               mf_w.l(cdcmple.o)
    0x08000770   0x08000770   0x00000030   Code   RO         9642    .text               mf_w.l(cdrcmple.o)
    0x080007a0   0x080007a0   0x00000038   Code   RO         9644    .text               mf_w.l(d2f.o)
    0x080007d8   0x080007d8   0x0000002c   Code   RO         9710    .text               mc_w.l(uidiv.o)
    0x08000804   0x08000804   0x0000001e   Code   RO         9712    .text               mc_w.l(llshl.o)
    0x08000822   0x08000822   0x00000020   Code   RO         9714    .text               mc_w.l(llushr.o)
    0x08000842   0x08000842   0x00000000   Code   RO         9725    .text               mc_w.l(iusefp.o)
    0x08000842   0x08000842   0x0000006e   Code   RO         9726    .text               mf_w.l(fepilogue.o)
    0x080008b0   0x080008b0   0x000000ba   Code   RO         9728    .text               mf_w.l(depilogue.o)
    0x0800096a   0x0800096a   0x000000a2   Code   RO         9734    .text               mf_w.l(dsqrt.o)
    0x08000a0c   0x08000a0c   0x00000030   Code   RO         9736    .text               mf_w.l(dfixul.o)
    0x08000a3c   0x08000a3c   0x00000024   Code   RO         9738    .text               mc_w.l(init.o)
    0x08000a60   0x08000a60   0x00000056   Code   RO         9750    .text               mc_w.l(__dczerorl2.o)
    0x08000ab6   0x08000ab6   0x0000007e   Code   RO         4003    i.ADC_DMAConvCplt   stm32f4xx_hal_adc.o
    0x08000b34   0x08000b34   0x0000001a   Code   RO         4004    i.ADC_DMAError      stm32f4xx_hal_adc.o
    0x08000b4e   0x08000b4e   0x0000000e   Code   RO         4005    i.ADC_DMAHalfConvCplt  stm32f4xx_hal_adc.o
    0x08000b5c   0x08000b5c   0x00000028   Code   RO         1142    i.ADC_Init          adcc.o
    0x08000b84   0x08000b84   0x00000160   Code   RO         4006    i.ADC_Init          stm32f4xx_hal_adc.o
    0x08000ce4   0x08000ce4   0x00000008   Code   RO         1199    i.BUZZER_Init       buzzer.o
    0x08000cec   0x08000cec   0x00000014   Code   RO         1200    i.BUZZER_Off        buzzer.o
    0x08000d00   0x08000d00   0x00000014   Code   RO         1201    i.BUZZER_On         buzzer.o
    0x08000d14   0x08000d14   0x00000036   Code   RO         1725    i.Bluetooth_CheckData  bluetooth.o
    0x08000d4a   0x08000d4a   0x00000002   PAD
    0x08000d4c   0x08000d4c   0x000000d4   Code   RO         1726    i.Bluetooth_Control  bluetooth.o
    0x08000e20   0x08000e20   0x00000078   Code   RO         1727    i.Bluetooth_Creat_SendData  bluetooth.o
    0x08000e98   0x08000e98   0x00000040   Code   RO         1728    i.Bluetooth_Get_Rec_Data  bluetooth.o
    0x08000ed8   0x08000ed8   0x00000028   Code   RO         1729    i.Bluetooth_Init    bluetooth.o
    0x08000f00   0x08000f00   0x00000018   Code   RO         1730    i.Bluetooth_Recieve  bluetooth.o
    0x08000f18   0x08000f18   0x0000002c   Code   RO         1731    i.Bluetooth_Send    bluetooth.o
    0x08000f44   0x08000f44   0x00000004   Code   RO          660    i.BusFault_Handler  stm32f4xx_it.o
    0x08000f48   0x08000f48   0x0000002e   Code   RO         1733    i.Byte_to_Int       bluetooth.o
    0x08000f76   0x08000f76   0x00000002   PAD
    0x08000f78   0x08000f78   0x00000090   Code   RO         1877    i.Control_2         control.o
    0x08001008   0x08001008   0x00000018   Code   RO         1097    i.DEBUG_Init        debug.o
    0x08001020   0x08001020   0x00000010   Code   RO          661    i.DMA2_Stream0_IRQHandler  stm32f4xx_it.o
    0x08001030   0x08001030   0x00000010   Code   RO          662    i.DMA2_Stream2_IRQHandler  stm32f4xx_it.o
    0x08001040   0x08001040   0x00000034   Code   RO         4785    i.DMA_CalcBaseAndBitshift  stm32f4xx_hal_dma.o
    0x08001074   0x08001074   0x000000aa   Code   RO         4786    i.DMA_CheckFifoParam  stm32f4xx_hal_dma.o
    0x0800111e   0x0800111e   0x0000002c   Code   RO         4787    i.DMA_SetConfig     stm32f4xx_hal_dma.o
    0x0800114a   0x0800114a   0x00000002   Code   RO          663    i.DebugMon_Handler  stm32f4xx_it.o
    0x0800114c   0x0800114c   0x0000000c   Code   RO          664    i.EXTI9_5_IRQHandler  stm32f4xx_it.o
    0x08001158   0x08001158   0x00000006   Code   RO           13    i.Error_Handler     main.o
    0x0800115e   0x0800115e   0x0000001c   Code   RO         1735    i.Float_To_Byte     bluetooth.o
    0x0800117a   0x0800117a   0x00000002   PAD
    0x0800117c   0x0800117c   0x0000004c   Code   RO         1145    i.Get_Voltage       adcc.o
    0x080011c8   0x080011c8   0x0000018c   Code   RO         4008    i.HAL_ADC_ConfigChannel  stm32f4xx_hal_adc.o
    0x08001354   0x08001354   0x00000002   Code   RO         4009    i.HAL_ADC_ConvCpltCallback  stm32f4xx_hal_adc.o
    0x08001356   0x08001356   0x00000002   Code   RO         4010    i.HAL_ADC_ConvHalfCpltCallback  stm32f4xx_hal_adc.o
    0x08001358   0x08001358   0x00000002   Code   RO         4012    i.HAL_ADC_ErrorCallback  stm32f4xx_hal_adc.o
    0x0800135a   0x0800135a   0x00000002   PAD
    0x0800135c   0x0800135c   0x00000068   Code   RO         4017    i.HAL_ADC_Init      stm32f4xx_hal_adc.o
    0x080013c4   0x080013c4   0x00000138   Code   RO          382    i.HAL_ADC_MspInit   adc.o
    0x080014fc   0x080014fc   0x000001b4   Code   RO         4024    i.HAL_ADC_Start_DMA  stm32f4xx_hal_adc.o
    0x080016b0   0x080016b0   0x000000ac   Code   RO         4788    i.HAL_DMA_Abort     stm32f4xx_hal_dma.o
    0x0800175c   0x0800175c   0x00000028   Code   RO         4789    i.HAL_DMA_Abort_IT  stm32f4xx_hal_dma.o
    0x08001784   0x08001784   0x00000240   Code   RO         4793    i.HAL_DMA_IRQHandler  stm32f4xx_hal_dma.o
    0x080019c4   0x080019c4   0x000000ec   Code   RO         4794    i.HAL_DMA_Init      stm32f4xx_hal_dma.o
    0x08001ab0   0x08001ab0   0x00000092   Code   RO         4798    i.HAL_DMA_Start_IT  stm32f4xx_hal_dma.o
    0x08001b42   0x08001b42   0x00000002   PAD
    0x08001b44   0x08001b44   0x00000028   Code   RO         5212    i.HAL_Delay         stm32f4xx_hal.o
    0x08001b6c   0x08001b6c   0x00000002   Code   RO         4679    i.HAL_GPIO_EXTI_Callback  stm32f4xx_hal_gpio.o
    0x08001b6e   0x08001b6e   0x00000002   PAD
    0x08001b70   0x08001b70   0x0000001c   Code   RO         4680    i.HAL_GPIO_EXTI_IRQHandler  stm32f4xx_hal_gpio.o
    0x08001b8c   0x08001b8c   0x000001f4   Code   RO         4681    i.HAL_GPIO_Init     stm32f4xx_hal_gpio.o
    0x08001d80   0x08001d80   0x0000000c   Code   RO         4685    i.HAL_GPIO_WritePin  stm32f4xx_hal_gpio.o
    0x08001d8c   0x08001d8c   0x0000000c   Code   RO         5218    i.HAL_GetTick       stm32f4xx_hal.o
    0x08001d98   0x08001d98   0x00000008   Code   RO         5473    i.HAL_I2C_GetState  stm32f4xx_hal_i2c.o
    0x08001da0   0x08001da0   0x000001d0   Code   RO         5474    i.HAL_I2C_Init      stm32f4xx_hal_i2c.o
    0x08001f70   0x08001f70   0x000001b8   Code   RO         5475    i.HAL_I2C_IsDeviceReady  stm32f4xx_hal_i2c.o
    0x08002128   0x08002128   0x000002f4   Code   RO         5492    i.HAL_I2C_Mem_Read  stm32f4xx_hal_i2c.o
    0x0800241c   0x0800241c   0x00000164   Code   RO         5495    i.HAL_I2C_Mem_Write  stm32f4xx_hal_i2c.o
    0x08002580   0x08002580   0x00000138   Code   RO          454    i.HAL_I2C_MspInit   i2c.o
    0x080026b8   0x080026b8   0x00000018   Code   RO         5224    i.HAL_IncTick       stm32f4xx_hal.o
    0x080026d0   0x080026d0   0x0000003c   Code   RO         5225    i.HAL_Init          stm32f4xx_hal.o
    0x0800270c   0x0800270c   0x000000b4   Code   RO          822    i.HAL_InitTick      stm32f4xx_hal_timebase_tim.o
    0x080027c0   0x080027c0   0x00000054   Code   RO          798    i.HAL_MspInit       stm32f4xx_hal_msp.o
    0x08002814   0x08002814   0x00000020   Code   RO         5070    i.HAL_NVIC_EnableIRQ  stm32f4xx_hal_cortex.o
    0x08002834   0x08002834   0x0000007c   Code   RO         5076    i.HAL_NVIC_SetPriority  stm32f4xx_hal_cortex.o
    0x080028b0   0x080028b0   0x00000028   Code   RO         5077    i.HAL_NVIC_SetPriorityGrouping  stm32f4xx_hal_cortex.o
    0x080028d8   0x080028d8   0x00000184   Code   RO         4282    i.HAL_RCC_ClockConfig  stm32f4xx_hal_rcc.o
    0x08002a5c   0x08002a5c   0x00000044   Code   RO         4286    i.HAL_RCC_GetClockConfig  stm32f4xx_hal_rcc.o
    0x08002aa0   0x08002aa0   0x0000000c   Code   RO         4287    i.HAL_RCC_GetHCLKFreq  stm32f4xx_hal_rcc.o
    0x08002aac   0x08002aac   0x00000020   Code   RO         4289    i.HAL_RCC_GetPCLK1Freq  stm32f4xx_hal_rcc.o
    0x08002acc   0x08002acc   0x00000020   Code   RO         4290    i.HAL_RCC_GetPCLK2Freq  stm32f4xx_hal_rcc.o
    0x08002aec   0x08002aec   0x000000b0   Code   RO         4291    i.HAL_RCC_GetSysClockFreq  stm32f4xx_hal_rcc.o
    0x08002b9c   0x08002b9c   0x0000049c   Code   RO         4294    i.HAL_RCC_OscConfig  stm32f4xx_hal_rcc.o
    0x08003038   0x08003038   0x00000002   Code   RO         6670    i.HAL_TIMEx_BreakCallback  stm32f4xx_hal_tim_ex.o
    0x0800303a   0x0800303a   0x00000002   Code   RO         6671    i.HAL_TIMEx_CommutCallback  stm32f4xx_hal_tim_ex.o
    0x0800303c   0x0800303c   0x000000b4   Code   RO         6689    i.HAL_TIMEx_MasterConfigSynchronization  stm32f4xx_hal_tim_ex.o
    0x080030f0   0x080030f0   0x00000066   Code   RO         5955    i.HAL_TIM_Base_Init  stm32f4xx_hal_tim.o
    0x08003156   0x08003156   0x00000002   PAD
    0x08003158   0x08003158   0x00000048   Code   RO          499    i.HAL_TIM_Base_MspInit  tim.o
    0x080031a0   0x080031a0   0x000000a8   Code   RO         5960    i.HAL_TIM_Base_Start_IT  stm32f4xx_hal_tim.o
    0x08003248   0x08003248   0x000000c8   Code   RO         5976    i.HAL_TIM_Encoder_Init  stm32f4xx_hal_tim.o
    0x08003310   0x08003310   0x00000114   Code   RO          501    i.HAL_TIM_Encoder_MspInit  tim.o
    0x08003424   0x08003424   0x000000fc   Code   RO         5981    i.HAL_TIM_Encoder_Start_IT  stm32f4xx_hal_tim.o
    0x08003520   0x08003520   0x00000002   Code   RO         5989    i.HAL_TIM_IC_CaptureCallback  stm32f4xx_hal_tim.o
    0x08003522   0x08003522   0x00000196   Code   RO         6003    i.HAL_TIM_IRQHandler  stm32f4xx_hal_tim.o
    0x080036b8   0x080036b8   0x000000ec   Code   RO          502    i.HAL_TIM_MspPostInit  tim.o
    0x080037a4   0x080037a4   0x00000002   Code   RO         6006    i.HAL_TIM_OC_DelayElapsedCallback  stm32f4xx_hal_tim.o
    0x080037a6   0x080037a6   0x00000104   Code   RO         6027    i.HAL_TIM_PWM_ConfigChannel  stm32f4xx_hal_tim.o
    0x080038aa   0x080038aa   0x00000066   Code   RO         6030    i.HAL_TIM_PWM_Init  stm32f4xx_hal_tim.o
    0x08003910   0x08003910   0x0000008c   Code   RO          504    i.HAL_TIM_PWM_MspInit  tim.o
    0x0800399c   0x0800399c   0x00000002   Code   RO         6033    i.HAL_TIM_PWM_PulseFinishedCallback  stm32f4xx_hal_tim.o
    0x0800399e   0x0800399e   0x00000002   PAD
    0x080039a0   0x080039a0   0x0000010c   Code   RO         6035    i.HAL_TIM_PWM_Start  stm32f4xx_hal_tim.o
    0x08003aac   0x08003aac   0x000000c4   Code   RO         1297    i.HAL_TIM_PeriodElapsedCallback  motor.o
    0x08003b70   0x08003b70   0x00000002   Code   RO         6046    i.HAL_TIM_TriggerCallback  stm32f4xx_hal_tim.o
    0x08003b72   0x08003b72   0x00000002   Code   RO         6948    i.HAL_UARTEx_RxEventCallback  stm32f4xx_hal_uart.o
    0x08003b74   0x08003b74   0x00000002   Code   RO         6962    i.HAL_UART_ErrorCallback  stm32f4xx_hal_uart.o
    0x08003b76   0x08003b76   0x00000014   Code   RO         6964    i.HAL_UART_GetState  stm32f4xx_hal_uart.o
    0x08003b8a   0x08003b8a   0x00000002   PAD
    0x08003b8c   0x08003b8c   0x000002e0   Code   RO         6965    i.HAL_UART_IRQHandler  stm32f4xx_hal_uart.o
    0x08003e6c   0x08003e6c   0x00000072   Code   RO         6966    i.HAL_UART_Init     stm32f4xx_hal_uart.o
    0x08003ede   0x08003ede   0x00000002   PAD
    0x08003ee0   0x08003ee0   0x00000244   Code   RO          601    i.HAL_UART_MspInit  usart.o
    0x08004124   0x08004124   0x00000042   Code   RO         6971    i.HAL_UART_Receive_IT  stm32f4xx_hal_uart.o
    0x08004166   0x08004166   0x00000002   PAD
    0x08004168   0x08004168   0x0000002c   Code   RO          665    i.HAL_UART_RxCpltCallback  stm32f4xx_it.o
    0x08004194   0x08004194   0x000000d2   Code   RO         6974    i.HAL_UART_Transmit  stm32f4xx_hal_uart.o
    0x08004266   0x08004266   0x00000002   Code   RO         6977    i.HAL_UART_TxCpltCallback  stm32f4xx_hal_uart.o
    0x08004268   0x08004268   0x00000004   Code   RO          666    i.HardFault_Handler  stm32f4xx_it.o
    0x0800426c   0x0800426c   0x0000003e   Code   RO         5517    i.I2C_IsAcknowledgeFailed  stm32f4xx_hal_i2c.o
    0x080042aa   0x080042aa   0x00000002   PAD
    0x080042ac   0x080042ac   0x00000160   Code   RO         5528    i.I2C_RequestMemoryRead  stm32f4xx_hal_i2c.o
    0x0800440c   0x0800440c   0x000000e0   Code   RO         5529    i.I2C_RequestMemoryWrite  stm32f4xx_hal_i2c.o
    0x080044ec   0x080044ec   0x0000005c   Code   RO         5537    i.I2C_WaitOnBTFFlagUntilTimeout  stm32f4xx_hal_i2c.o
    0x08004548   0x08004548   0x00000086   Code   RO         5538    i.I2C_WaitOnFlagUntilTimeout  stm32f4xx_hal_i2c.o
    0x080045ce   0x080045ce   0x000000c4   Code   RO         5539    i.I2C_WaitOnMasterAddressFlagUntilTimeout  stm32f4xx_hal_i2c.o
    0x08004692   0x08004692   0x00000080   Code   RO         5540    i.I2C_WaitOnRXNEFlagUntilTimeout  stm32f4xx_hal_i2c.o
    0x08004712   0x08004712   0x0000005c   Code   RO         5543    i.I2C_WaitOnTXEFlagUntilTimeout  stm32f4xx_hal_i2c.o
    0x0800476e   0x0800476e   0x0000001c   Code   RO         1736    i.Int_To_Byte       bluetooth.o
    0x0800478a   0x0800478a   0x00000010   Code   RO          861    i.LED_All_Off       led.o
    0x0800479a   0x0800479a   0x00000002   PAD
    0x0800479c   0x0800479c   0x00000014   Code   RO          863    i.LED_Blue_Off      led.o
    0x080047b0   0x080047b0   0x00000014   Code   RO          864    i.LED_Blue_On       led.o
    0x080047c4   0x080047c4   0x00000014   Code   RO          865    i.LED_Green_Off     led.o
    0x080047d8   0x080047d8   0x00000008   Code   RO          867    i.LED_Init          led.o
    0x080047e0   0x080047e0   0x00000014   Code   RO          868    i.LED_Red_Off       led.o
    0x080047f4   0x080047f4   0x0000024c   Code   RO         1298    i.MOTOR_Init        motor.o
    0x08004a40   0x08004a40   0x00000218   Code   RO         1497    i.MPU6050_DMP_Get_Data  mpu6050_dmp.o
    0x08004c58   0x08004c58   0x00000098   Code   RO         1498    i.MPU6050_DMP_Init  mpu6050_dmp.o
    0x08004cf0   0x08004cf0   0x00000040   Code   RO         1397    i.MPU6050_Get_Acc   mpu6050.o
    0x08004d30   0x08004d30   0x00000040   Code   RO         1398    i.MPU6050_Get_Gyro  mpu6050.o
    0x08004d70   0x08004d70   0x0000009c   Code   RO         1399    i.MPU6050_Get_ID    mpu6050.o
    0x08004e0c   0x08004e0c   0x0000004c   Code   RO         1688    i.MPU6050_IMU_Init  mpu6050_imu.o
    0x08004e58   0x08004e58   0x00000058   Code   RO         1401    i.MPU6050_Init      mpu6050.o
    0x08004eb0   0x08004eb0   0x00000016   Code   RO         1402    i.MPU6050_ReadData  mpu6050.o
    0x08004ec6   0x08004ec6   0x00000010   Code   RO         1403    i.MPU6050_Set_Accel_Fsr  mpu6050.o
    0x08004ed6   0x08004ed6   0x00000010   Code   RO         1404    i.MPU6050_Set_Gyro_Fsr  mpu6050.o
    0x08004ee6   0x08004ee6   0x0000003a   Code   RO         1405    i.MPU6050_Set_LPF   mpu6050.o
    0x08004f20   0x08004f20   0x00000038   Code   RO         1406    i.MPU6050_Set_Rate  mpu6050.o
    0x08004f58   0x08004f58   0x00000012   Code   RO         1407    i.MPU6050_WriteReg  mpu6050.o
    0x08004f6a   0x08004f6a   0x00000002   PAD
    0x08004f6c   0x08004f6c   0x00000070   Code   RO          383    i.MX_ADC1_Init      adc.o
    0x08004fdc   0x08004fdc   0x00000070   Code   RO          384    i.MX_ADC2_Init      adc.o
    0x0800504c   0x0800504c   0x00000048   Code   RO          429    i.MX_DMA_Init       dma.o
    0x08005094   0x08005094   0x0000006c   Code   RO          294    i.MX_FREERTOS_Init  freertos.o
    0x08005100   0x08005100   0x00000128   Code   RO          270    i.MX_GPIO_Init      gpio.o
    0x08005228   0x08005228   0x0000003c   Code   RO          455    i.MX_I2C1_Init      i2c.o
    0x08005264   0x08005264   0x0000003c   Code   RO          456    i.MX_I2C3_Init      i2c.o
    0x080052a0   0x080052a0   0x0000007c   Code   RO          505    i.MX_TIM2_Init      tim.o
    0x0800531c   0x0800531c   0x0000007c   Code   RO          506    i.MX_TIM3_Init      tim.o
    0x08005398   0x08005398   0x00000080   Code   RO          507    i.MX_TIM4_Init      tim.o
    0x08005418   0x08005418   0x00000080   Code   RO          508    i.MX_TIM5_Init      tim.o
    0x08005498   0x08005498   0x0000004c   Code   RO          509    i.MX_TIM6_Init      tim.o
    0x080054e4   0x080054e4   0x00000074   Code   RO          510    i.MX_TIM9_Init      tim.o
    0x08005558   0x08005558   0x00000038   Code   RO          602    i.MX_UART4_Init     usart.o
    0x08005590   0x08005590   0x00000038   Code   RO          603    i.MX_USART1_UART_Init  usart.o
    0x080055c8   0x080055c8   0x00000038   Code   RO          604    i.MX_USART3_UART_Init  usart.o
    0x08005600   0x08005600   0x00000038   Code   RO          605    i.MX_USART6_UART_Init  usart.o
    0x08005638   0x08005638   0x00000004   Code   RO          667    i.MemManage_Handler  stm32f4xx_it.o
    0x0800563c   0x0800563c   0x00000014   Code   RO         1300    i.MotorA_0          motor.o
    0x08005650   0x08005650   0x00000014   Code   RO         1301    i.MotorA_1          motor.o
    0x08005664   0x08005664   0x00000014   Code   RO         1302    i.MotorA_Emergency_Stop  motor.o
    0x08005678   0x08005678   0x00000020   Code   RO         1303    i.MotorB_0          motor.o
    0x08005698   0x08005698   0x00000020   Code   RO         1304    i.MotorB_1          motor.o
    0x080056b8   0x080056b8   0x00000004   Code   RO          668    i.NMI_Handler       stm32f4xx_it.o
    0x080056bc   0x080056bc   0x00000038   Code   RO          942    i.OLED_Clear        oled.o
    0x080056f4   0x080056f4   0x00000024   Code   RO          948    i.OLED_Init         oled.o
    0x08005718   0x08005718   0x00000024   Code   RO          951    i.OLED_Set_Pos      oled.o
    0x0800573c   0x0800573c   0x000000e4   Code   RO          953    i.OLED_ShowChar     oled.o
    0x08005820   0x08005820   0x00000068   Code   RO          955    i.OLED_ShowString   oled.o
    0x08005888   0x08005888   0x0000016c   Code   RO          956    i.OLED_Showdecimal  oled.o
    0x080059f4   0x080059f4   0x00000020   Code   RO          958    i.OLED_Test         oled.o
    0x08005a14   0x08005a14   0x00000028   Code   RO          960    i.OLED_WR_CMD       oled.o
    0x08005a3c   0x08005a3c   0x00000028   Code   RO          961    i.OLED_WR_DATA      oled.o
    0x08005a64   0x08005a64   0x00000078   Code   RO         1936    i.Radar_CheckData   radar.o
    0x08005adc   0x08005adc   0x00000210   Code   RO         1937    i.Radar_Control     radar.o
    0x08005cec   0x08005cec   0x0000010c   Code   RO         1938    i.Radar_Get_Rec_Data  radar.o
    0x08005df8   0x08005df8   0x00000028   Code   RO         1939    i.Radar_Init        radar.o
    0x08005e20   0x08005e20   0x00000018   Code   RO         1942    i.Radar_Recieve     radar.o
    0x08005e38   0x08005e38   0x0000001c   Code   RO         1244    i.SERVO_Init        servo.o
    0x08005e54   0x08005e54   0x00000040   Code   RO         1245    i.SERVO_Left        servo.o
    0x08005e94   0x08005e94   0x00000010   Code   RO         1246    i.SERVO_Middle      servo.o
    0x08005ea4   0x08005ea4   0x00000040   Code   RO         1247    i.SERVO_Right       servo.o
    0x08005ee4   0x08005ee4   0x00000060   Code   RO         1408    i.Sensors_I2C_ReadRegister  mpu6050.o
    0x08005f44   0x08005f44   0x00000060   Code   RO         1409    i.Sensors_I2C_WriteRegister  mpu6050.o
    0x08005fa4   0x08005fa4   0x00000040   Code   RO         1305    i.Set_PwmA          motor.o
    0x08005fe4   0x08005fe4   0x00000040   Code   RO         1306    i.Set_PwmB          motor.o
    0x08006024   0x08006024   0x0000000e   Code   RO          295    i.StartAvoidanceTask  freertos.o
    0x08006032   0x08006032   0x00000002   PAD
    0x08006034   0x08006034   0x00000098   Code   RO          296    i.StartBalanceTask  freertos.o
    0x080060cc   0x080060cc   0x0000000e   Code   RO          297    i.StartCommunicationTask  freertos.o
    0x080060da   0x080060da   0x00000002   PAD
    0x080060dc   0x080060dc   0x00000108   Code   RO          298    i.StartDefaultTask  freertos.o
    0x080061e4   0x080061e4   0x00000016   Code   RO         8482    i.SysTick_Handler   cmsis_os2.o
    0x080061fa   0x080061fa   0x00000002   PAD
    0x080061fc   0x080061fc   0x000000b8   Code   RO           14    i.SystemClock_Config  main.o
    0x080062b4   0x080062b4   0x00000014   Code   RO         7305    i.SystemInit        system_stm32f4xx.o
    0x080062c8   0x080062c8   0x00000010   Code   RO          669    i.TIM4_IRQHandler   stm32f4xx_it.o
    0x080062d8   0x080062d8   0x00000010   Code   RO          670    i.TIM5_IRQHandler   stm32f4xx_it.o
    0x080062e8   0x080062e8   0x00000010   Code   RO          671    i.TIM6_DAC_IRQHandler  stm32f4xx_it.o
    0x080062f8   0x080062f8   0x00000010   Code   RO          672    i.TIM8_TRG_COM_TIM14_IRQHandler  stm32f4xx_it.o
    0x08006308   0x08006308   0x000000d8   Code   RO         6048    i.TIM_Base_SetConfig  stm32f4xx_hal_tim.o
    0x080063e0   0x080063e0   0x00000022   Code   RO         6049    i.TIM_CCxChannelCmd  stm32f4xx_hal_tim.o
    0x08006402   0x08006402   0x00000002   PAD
    0x08006404   0x08006404   0x00000070   Code   RO         6061    i.TIM_OC1_SetConfig  stm32f4xx_hal_tim.o
    0x08006474   0x08006474   0x0000007c   Code   RO         6062    i.TIM_OC2_SetConfig  stm32f4xx_hal_tim.o
    0x080064f0   0x080064f0   0x00000078   Code   RO         6063    i.TIM_OC3_SetConfig  stm32f4xx_hal_tim.o
    0x08006568   0x08006568   0x00000054   Code   RO         6064    i.TIM_OC4_SetConfig  stm32f4xx_hal_tim.o
    0x080065bc   0x080065bc   0x0000001c   Code   RO          673    i.UART4_IRQHandler  stm32f4xx_it.o
    0x080065d8   0x080065d8   0x00000014   Code   RO         6979    i.UART_DMAAbortOnError  stm32f4xx_hal_uart.o
    0x080065ec   0x080065ec   0x0000006c   Code   RO         6989    i.UART_EndRxTransfer  stm32f4xx_hal_uart.o
    0x08006658   0x08006658   0x00000020   Code   RO         6990    i.UART_EndTransmit_IT  stm32f4xx_hal_uart.o
    0x08006678   0x08006678   0x000000f8   Code   RO         6992    i.UART_Receive_IT   stm32f4xx_hal_uart.o
    0x08006770   0x08006770   0x0000022c   Code   RO         6993    i.UART_SetConfig    stm32f4xx_hal_uart.o
    0x0800699c   0x0800699c   0x0000004a   Code   RO         6995    i.UART_Start_Receive_IT  stm32f4xx_hal_uart.o
    0x080069e6   0x080069e6   0x00000060   Code   RO         6996    i.UART_Transmit_IT  stm32f4xx_hal_uart.o
    0x08006a46   0x08006a46   0x00000092   Code   RO         6997    i.UART_WaitOnFlagUntilTimeout  stm32f4xx_hal_uart.o
    0x08006ad8   0x08006ad8   0x0000001c   Code   RO          674    i.USART1_IRQHandler  stm32f4xx_it.o
    0x08006af4   0x08006af4   0x00000010   Code   RO          675    i.USART3_IRQHandler  stm32f4xx_it.o
    0x08006b04   0x08006b04   0x00000010   Code   RO          676    i.USART6_IRQHandler  stm32f4xx_it.o
    0x08006b14   0x08006b14   0x00000004   Code   RO          677    i.UsageFault_Handler  stm32f4xx_it.o
    0x08006b18   0x08006b18   0x000000d0   Code   RO         1879    i.Velocity          control.o
    0x08006be8   0x08006be8   0x000000c4   Code   RO         1880    i.Vertical          control.o
    0x08006cac   0x08006cac   0x00000038   Code   RO         1146    i.Voltage_Control   adcc.o
    0x08006ce4   0x08006ce4   0x00000020   Code   RO         9572    i.__0printf         mc_w.l(printfa.o)
    0x08006d04   0x08006d04   0x00000030   Code   RO         9663    i.__ARM_fpclassify  m_wm.l(fpclassify.o)
    0x08006d34   0x08006d34   0x00000010   Code   RO         5083    i.__NVIC_GetPriorityGrouping  stm32f4xx_hal_cortex.o
    0x08006d44   0x08006d44   0x00000028   Code   RO         5084    i.__NVIC_SetPriority  stm32f4xx_hal_cortex.o
    0x08006d6c   0x08006d6c   0x00000006   Code   RO         8484    i.__get_IPSR        cmsis_os2.o
    0x08006d72   0x08006d72   0x00000006   PAD
    0x08006d78   0x08006d78   0x00000360   Code   RO         9158    i.__hardfp_asin     m_wm.l(asin.o)
    0x080070d8   0x080070d8   0x000002d8   Code   RO         9184    i.__hardfp_atan     m_wm.l(atan.o)
    0x080073b0   0x080073b0   0x000001f0   Code   RO         9198    i.__hardfp_atan2    m_wm.l(atan2.o)
    0x080075a0   0x080075a0   0x00000014   Code   RO         9240    i.__hardfp_fabs     m_wm.l(fabs.o)
    0x080075b4   0x080075b4   0x000000f8   Code   RO         9681    i.__kernel_poly     m_wm.l(poly.o)
    0x080076ac   0x080076ac   0x00000014   Code   RO         9650    i.__mathlib_dbl_infnan  m_wm.l(dunder.o)
    0x080076c0   0x080076c0   0x00000014   Code   RO         9651    i.__mathlib_dbl_infnan2  m_wm.l(dunder.o)
    0x080076d4   0x080076d4   0x00000004   PAD
    0x080076d8   0x080076d8   0x00000020   Code   RO         9652    i.__mathlib_dbl_invalid  m_wm.l(dunder.o)
    0x080076f8   0x080076f8   0x00000020   Code   RO         9655    i.__mathlib_dbl_underflow  m_wm.l(dunder.o)
    0x08007718   0x08007718   0x0000000e   Code   RO         9744    i.__scatterload_copy  mc_w.l(handlers.o)
    0x08007726   0x08007726   0x00000002   Code   RO         9745    i.__scatterload_null  mc_w.l(handlers.o)
    0x08007728   0x08007728   0x0000000e   Code   RO         9746    i.__scatterload_zeroinit  mc_w.l(handlers.o)
    0x08007736   0x08007736   0x00000002   PAD
    0x08007738   0x08007738   0x0000000c   Code   RO         9720    i.__set_errno       mc_w.l(errno.o)
    0x08007744   0x08007744   0x00000184   Code   RO         9579    i._fp_digits        mc_w.l(printfa.o)
    0x080078c8   0x080078c8   0x000006dc   Code   RO         9580    i._printf_core      mc_w.l(printfa.o)
    0x08007fa4   0x08007fa4   0x00000024   Code   RO         9581    i._printf_post_padding  mc_w.l(printfa.o)
    0x08007fc8   0x08007fc8   0x0000002e   Code   RO         9582    i._printf_pre_padding  mc_w.l(printfa.o)
    0x08007ff6   0x08007ff6   0x00000002   PAD
    0x08007ff8   0x08007ff8   0x000000ec   Code   RO         2017    i.accel_self_test   inv_mpu.o
    0x080080e4   0x080080e4   0x00000010   Code   RO         9186    i.atan              m_wm.l(atan.o)
    0x080080f4   0x080080f4   0x00000064   Code   RO         2358    i.decode_gesture    inv_mpu_dmp_motion_driver.o
    0x08008158   0x08008158   0x0000003c   Code   RO         2359    i.dmp_enable_6x_lp_quat  inv_mpu_dmp_motion_driver.o
    0x08008194   0x08008194   0x0000021c   Code   RO         2360    i.dmp_enable_feature  inv_mpu_dmp_motion_driver.o
    0x080083b0   0x080083b0   0x00000058   Code   RO         2361    i.dmp_enable_gyro_cal  inv_mpu_dmp_motion_driver.o
    0x08008408   0x08008408   0x0000003c   Code   RO         2362    i.dmp_enable_lp_quat  inv_mpu_dmp_motion_driver.o
    0x08008444   0x08008444   0x00000018   Code   RO         2367    i.dmp_load_motion_driver_firmware  inv_mpu_dmp_motion_driver.o
    0x0800845c   0x0800845c   0x000001cc   Code   RO         2368    i.dmp_read_fifo     inv_mpu_dmp_motion_driver.o
    0x08008628   0x08008628   0x00000134   Code   RO         2371    i.dmp_set_accel_bias  inv_mpu_dmp_motion_driver.o
    0x0800875c   0x0800875c   0x00000070   Code   RO         2372    i.dmp_set_fifo_rate  inv_mpu_dmp_motion_driver.o
    0x080087cc   0x080087cc   0x00000130   Code   RO         2373    i.dmp_set_gyro_bias  inv_mpu_dmp_motion_driver.o
    0x080088fc   0x080088fc   0x00000138   Code   RO         2375    i.dmp_set_orientation  inv_mpu_dmp_motion_driver.o
    0x08008a34   0x08008a34   0x00000038   Code   RO         2378    i.dmp_set_shake_reject_thresh  inv_mpu_dmp_motion_driver.o
    0x08008a6c   0x08008a6c   0x00000026   Code   RO         2379    i.dmp_set_shake_reject_time  inv_mpu_dmp_motion_driver.o
    0x08008a92   0x08008a92   0x00000026   Code   RO         2380    i.dmp_set_shake_reject_timeout  inv_mpu_dmp_motion_driver.o
    0x08008ab8   0x08008ab8   0x00000046   Code   RO         2381    i.dmp_set_tap_axes  inv_mpu_dmp_motion_driver.o
    0x08008afe   0x08008afe   0x00000026   Code   RO         2382    i.dmp_set_tap_count  inv_mpu_dmp_motion_driver.o
    0x08008b24   0x08008b24   0x000001c0   Code   RO         2383    i.dmp_set_tap_thresh  inv_mpu_dmp_motion_driver.o
    0x08008ce4   0x08008ce4   0x00000026   Code   RO         2384    i.dmp_set_tap_time  inv_mpu_dmp_motion_driver.o
    0x08008d0a   0x08008d0a   0x00000026   Code   RO         2385    i.dmp_set_tap_time_multi  inv_mpu_dmp_motion_driver.o
    0x08008d30   0x08008d30   0x00000018   Code   RO         9242    i.fabs              m_wm.l(fabs.o)
    0x08008d48   0x08008d48   0x0000001c   Code   RO         1100    i.fputc             debug.o
    0x08008d64   0x08008d64   0x00000038   Code   RO         1943    i.fund_min          radar.o
    0x08008d9c   0x08008d9c   0x000000d0   Code   RO         2018    i.get_accel_prod_shift  inv_mpu.o
    0x08008e6c   0x08008e6c   0x00000470   Code   RO         2019    i.get_st_biases     inv_mpu.o
    0x080092dc   0x080092dc   0x0000000e   Code   RO         1500    i.get_tick_count    mpu6050_dmp.o
    0x080092ea   0x080092ea   0x00000002   PAD
    0x080092ec   0x080092ec   0x0000014c   Code   RO         2020    i.gyro_self_test    inv_mpu.o
    0x08009438   0x08009438   0x00000028   Code   RO         3310    i.inv_orientation_matrix_to_scalar  ml_math_func.o
    0x08009460   0x08009460   0x0000004e   Code   RO         3329    i.inv_row_2_scale   ml_math_func.o
    0x080094ae   0x080094ae   0x00000002   PAD
    0x080094b0   0x080094b0   0x000000c0   Code   RO           15    i.main              main.o
    0x08009570   0x08009570   0x0000006c   Code   RO         9601    i.malloc            mc_w.l(malloc.o)
    0x080095dc   0x080095dc   0x00000070   Code   RO         2021    i.mpu_configure_fifo  inv_mpu.o
    0x0800964c   0x0800964c   0x0000004c   Code   RO         2022    i.mpu_get_accel_fsr  inv_mpu.o
    0x08009698   0x08009698   0x00000054   Code   RO         2024    i.mpu_get_accel_sens  inv_mpu.o
    0x080096ec   0x080096ec   0x00000010   Code   RO         2029    i.mpu_get_fifo_config  inv_mpu.o
    0x080096fc   0x080096fc   0x00000044   Code   RO         2030    i.mpu_get_gyro_fsr  inv_mpu.o
    0x08009740   0x08009740   0x00000060   Code   RO         2032    i.mpu_get_gyro_sens  inv_mpu.o
    0x080097a0   0x080097a0   0x00000050   Code   RO         2034    i.mpu_get_lpf       inv_mpu.o
    0x080097f0   0x080097f0   0x00000020   Code   RO         2036    i.mpu_get_sample_rate  inv_mpu.o
    0x08009810   0x08009810   0x000000fc   Code   RO         2038    i.mpu_init          inv_mpu.o
    0x0800990c   0x0800990c   0x000000b8   Code   RO         2039    i.mpu_load_firmware  inv_mpu.o
    0x080099c4   0x080099c4   0x000000e0   Code   RO         2040    i.mpu_lp_accel_mode  inv_mpu.o
    0x08009aa4   0x08009aa4   0x000000c0   Code   RO         2046    i.mpu_read_fifo_stream  inv_mpu.o
    0x08009b64   0x08009b64   0x00000080   Code   RO         2047    i.mpu_read_mem      inv_mpu.o
    0x08009be4   0x08009be4   0x000001c8   Code   RO         2050    i.mpu_reset_fifo    inv_mpu.o
    0x08009dac   0x08009dac   0x00000120   Code   RO         2051    i.mpu_run_self_test  inv_mpu.o
    0x08009ecc   0x08009ecc   0x00000084   Code   RO         2054    i.mpu_set_accel_fsr  inv_mpu.o
    0x08009f50   0x08009f50   0x0000014c   Code   RO         2055    i.mpu_set_bypass    inv_mpu.o
    0x0800a09c   0x0800a09c   0x00000090   Code   RO         2057    i.mpu_set_dmp_state  inv_mpu.o
    0x0800a12c   0x0800a12c   0x00000088   Code   RO         2059    i.mpu_set_gyro_fsr  inv_mpu.o
    0x0800a1b4   0x0800a1b4   0x0000006c   Code   RO         2060    i.mpu_set_int_latched  inv_mpu.o
    0x0800a220   0x0800a220   0x00000084   Code   RO         2062    i.mpu_set_lpf       inv_mpu.o
    0x0800a2a4   0x0800a2a4   0x0000009c   Code   RO         2063    i.mpu_set_sample_rate  inv_mpu.o
    0x0800a340   0x0800a340   0x000000d0   Code   RO         2064    i.mpu_set_sensors   inv_mpu.o
    0x0800a410   0x0800a410   0x00000080   Code   RO         2065    i.mpu_write_mem     inv_mpu.o
    0x0800a490   0x0800a490   0x0000000e   Code   RO         1307    i.myabs             motor.o
    0x0800a49e   0x0800a49e   0x00000016   Code   RO          962    i.oled_pow          oled.o
    0x0800a4b4   0x0800a4b4   0x0000001e   Code   RO         8485    i.osDelay           cmsis_os2.o
    0x0800a4d2   0x0800a4d2   0x00000002   PAD
    0x0800a4d4   0x0800a4d4   0x0000002c   Code   RO         8499    i.osKernelInitialize  cmsis_os2.o
    0x0800a500   0x0800a500   0x00000060   Code   RO         8502    i.osKernelStart     cmsis_os2.o
    0x0800a560   0x0800a560   0x000000b8   Code   RO         8544    i.osThreadNew       cmsis_os2.o
    0x0800a618   0x0800a618   0x0000007c   Code   RO         7919    i.prvAddCurrentTaskToDelayedList  tasks.o
    0x0800a694   0x0800a694   0x000000b8   Code   RO         7920    i.prvAddNewTaskToReadyList  tasks.o
    0x0800a74c   0x0800a74c   0x00000074   Code   RO         8295    i.prvCheckForValidListAndQueue  timers.o
    0x0800a7c0   0x0800a7c0   0x00000048   Code   RO         7921    i.prvCheckTasksWaitingTermination  tasks.o
    0x0800a808   0x0800a808   0x0000002a   Code   RO         7509    i.prvCopyDataFromQueue  queue.o
    0x0800a832   0x0800a832   0x0000007e   Code   RO         7510    i.prvCopyDataToQueue  queue.o
    0x0800a8b0   0x0800a8b0   0x00000050   Code   RO         7922    i.prvDeleteTCB      tasks.o
    0x0800a900   0x0800a900   0x00000028   Code   RO         8296    i.prvGetNextExpireTime  timers.o
    0x0800a928   0x0800a928   0x0000007c   Code   RO         9012    i.prvHeapInit       heap_4.o
    0x0800a9a4   0x0800a9a4   0x00000028   Code   RO         7923    i.prvIdleTask       tasks.o
    0x0800a9cc   0x0800a9cc   0x0000002a   Code   RO         7513    i.prvInitialiseNewQueue  queue.o
    0x0800a9f6   0x0800a9f6   0x000000be   Code   RO         7924    i.prvInitialiseNewTask  tasks.o
    0x0800aab4   0x0800aab4   0x00000068   Code   RO         7925    i.prvInitialiseTaskLists  tasks.o
    0x0800ab1c   0x0800ab1c   0x00000068   Code   RO         9013    i.prvInsertBlockIntoFreeList  heap_4.o
    0x0800ab84   0x0800ab84   0x00000058   Code   RO         8298    i.prvInsertTimerInActiveList  timers.o
    0x0800abdc   0x0800abdc   0x0000001a   Code   RO         7514    i.prvIsQueueEmpty   queue.o
    0x0800abf6   0x0800abf6   0x0000001e   Code   RO         7515    i.prvIsQueueFull    queue.o
    0x0800ac14   0x0800ac14   0x00000074   Code   RO         8299    i.prvProcessExpiredTimer  timers.o
    0x0800ac88   0x0800ac88   0x00000164   Code   RO         8300    i.prvProcessReceivedCommands  timers.o
    0x0800adec   0x0800adec   0x00000074   Code   RO         8301    i.prvProcessTimerOrBlockTask  timers.o
    0x0800ae60   0x0800ae60   0x00000034   Code   RO         7927    i.prvResetNextTaskUnblockTime  tasks.o
    0x0800ae94   0x0800ae94   0x0000002c   Code   RO         8302    i.prvSampleTimeNow  timers.o
    0x0800aec0   0x0800aec0   0x000000a4   Code   RO         8303    i.prvSwitchTimerLists  timers.o
    0x0800af64   0x0800af64   0x00000040   Code   RO         9068    i.prvTaskExitError  port.o
    0x0800afa4   0x0800afa4   0x0000001a   Code   RO         8304    i.prvTimerTask      timers.o
    0x0800afbe   0x0800afbe   0x0000007e   Code   RO         7516    i.prvUnlockQueue    queue.o
    0x0800b03c   0x0800b03c   0x0000014c   Code   RO         9014    i.pvPortMalloc      heap_4.o
    0x0800b188   0x0800b188   0x0000002c   Code   RO         9069    i.pxPortInitialiseStack  port.o
    0x0800b1b4   0x0800b1b4   0x000000c4   Code   RO         1502    i.run_self_test     mpu6050_dmp.o
    0x0800b278   0x0800b278   0x00000090   Code   RO         2066    i.set_int_enable    inv_mpu.o
    0x0800b308   0x0800b308   0x0000006e   Code   RO         9294    i.sqrt              m_wm.l(sqrt.o)
    0x0800b376   0x0800b376   0x00000028   Code   RO         7469    i.uxListRemove      list.o
    0x0800b39e   0x0800b39e   0x00000002   PAD
    0x0800b3a0   0x0800b3a0   0x00000018   Code   RO         8556    i.vApplicationGetIdleTaskMemory  cmsis_os2.o
    0x0800b3b8   0x0800b3b8   0x00000018   Code   RO         8557    i.vApplicationGetTimerTaskMemory  cmsis_os2.o
    0x0800b3d0   0x0800b3d0   0x0000001a   Code   RO         7470    i.vListInitialise   list.o
    0x0800b3ea   0x0800b3ea   0x00000006   Code   RO         7471    i.vListInitialiseItem  list.o
    0x0800b3f0   0x0800b3f0   0x00000034   Code   RO         7472    i.vListInsert       list.o
    0x0800b424   0x0800b424   0x00000018   Code   RO         7473    i.vListInsertEnd    list.o
    0x0800b43c   0x0800b43c   0x00000054   Code   RO         9071    i.vPortEnterCritical  port.o
    0x0800b490   0x0800b490   0x0000003c   Code   RO         9072    i.vPortExitCritical  port.o
    0x0800b4cc   0x0800b4cc   0x000000a4   Code   RO         9015    i.vPortFree         heap_4.o
    0x0800b570   0x0800b570   0x00000028   Code   RO         9073    i.vPortSetupTimerInterrupt  port.o
    0x0800b598   0x0800b598   0x00000078   Code   RO         9074    i.vPortValidateInterruptPriority  port.o
    0x0800b610   0x0800b610   0x0000002c   Code   RO         7522    i.vQueueAddToRegistry  queue.o
    0x0800b63c   0x0800b63c   0x0000004a   Code   RO         7526    i.vQueueWaitForMessageRestricted  queue.o
    0x0800b686   0x0800b686   0x00000002   PAD
    0x0800b688   0x0800b688   0x0000005c   Code   RO         7940    i.vTaskDelay        tasks.o
    0x0800b6e4   0x0800b6e4   0x00000018   Code   RO         7945    i.vTaskInternalSetTimeOutState  tasks.o
    0x0800b6fc   0x0800b6fc   0x0000000c   Code   RO         7946    i.vTaskMissedYield  tasks.o
    0x0800b708   0x0800b708   0x00000038   Code   RO         7948    i.vTaskPlaceOnEventList  tasks.o
    0x0800b740   0x0800b740   0x00000040   Code   RO         7949    i.vTaskPlaceOnEventListRestricted  tasks.o
    0x0800b780   0x0800b780   0x000000b8   Code   RO         7957    i.vTaskStartScheduler  tasks.o
    0x0800b838   0x0800b838   0x00000010   Code   RO         7959    i.vTaskSuspendAll   tasks.o
    0x0800b848   0x0800b848   0x00000090   Code   RO         7960    i.vTaskSwitchContext  tasks.o
    0x0800b8d8   0x0800b8d8   0x00000168   Code   RO         9075    i.xPortStartScheduler  port.o
    0x0800ba40   0x0800ba40   0x00000034   Code   RO         9076    i.xPortSysTickHandler  port.o
    0x0800ba74   0x0800ba74   0x000000e0   Code   RO         7532    i.xQueueGenericCreateStatic  queue.o
    0x0800bb54   0x0800bb54   0x00000098   Code   RO         7533    i.xQueueGenericReset  queue.o
    0x0800bbec   0x0800bbec   0x000001a8   Code   RO         7534    i.xQueueGenericSend  queue.o
    0x0800bd94   0x0800bd94   0x000000fc   Code   RO         7535    i.xQueueGenericSendFromISR  queue.o
    0x0800be90   0x0800be90   0x00000168   Code   RO         7544    i.xQueueReceive     queue.o
    0x0800bff8   0x0800bff8   0x0000008c   Code   RO         7962    i.xTaskCheckForTimeOut  tasks.o
    0x0800c084   0x0800c084   0x00000064   Code   RO         7963    i.xTaskCreate       tasks.o
    0x0800c0e8   0x0800c0e8   0x000000ba   Code   RO         7964    i.xTaskCreateStatic  tasks.o
    0x0800c1a2   0x0800c1a2   0x00000002   PAD
    0x0800c1a4   0x0800c1a4   0x00000020   Code   RO         7968    i.xTaskGetSchedulerState  tasks.o
    0x0800c1c4   0x0800c1c4   0x0000000c   Code   RO         7969    i.xTaskGetTickCount  tasks.o
    0x0800c1d0   0x0800c1d0   0x00000144   Code   RO         7971    i.xTaskIncrementTick  tasks.o
    0x0800c314   0x0800c314   0x000000a4   Code   RO         7974    i.xTaskPriorityDisinherit  tasks.o
    0x0800c3b8   0x0800c3b8   0x00000098   Code   RO         7976    i.xTaskRemoveFromEventList  tasks.o
    0x0800c450   0x0800c450   0x00000104   Code   RO         7977    i.xTaskResumeAll    tasks.o
    0x0800c554   0x0800c554   0x00000078   Code   RO         8313    i.xTimerCreateTimerTask  timers.o
    0x0800c5cc   0x0800c5cc   0x00000084   Code   RO         8314    i.xTimerGenericCommand  timers.o
    0x0800c650   0x0800c650   0x00000090   Data   RO          299    .constdata          freertos.o
    0x0800c6e0   0x0800c6e0   0x000008c8   Data   RO          963    .constdata          oled.o
    0x0800cfa8   0x0800cfa8   0x00000054   Data   RO         2067    .constdata          inv_mpu.o
    0x0800cffc   0x0800cffc   0x00000bf6   Data   RO         2387    .constdata          inv_mpu_dmp_motion_driver.o
    0x0800dbf2   0x0800dbf2   0x00000008   Data   RO         4800    .constdata          stm32f4xx_hal_dma.o
    0x0800dbfa   0x0800dbfa   0x00000018   Data   RO         7306    .constdata          system_stm32f4xx.o
    0x0800dc12   0x0800dc12   0x00000006   PAD
    0x0800dc18   0x0800dc18   0x00000050   Data   RO         9161    .constdata          m_wm.l(asin.o)
    0x0800dc68   0x0800dc68   0x00000098   Data   RO         9187    .constdata          m_wm.l(atan.o)
    0x0800dd00   0x0800dd00   0x00000008   Data   RO         9683    .constdata          m_wm.l(qnan.o)
    0x0800dd08   0x0800dd08   0x0000003c   Data   RO          300    .conststring        freertos.o
    0x0800dd44   0x0800dd44   0x00000020   Data   RO         9742    Region$$Table       anon$$obj.o


    Execution Region RW_IRAM1 (Exec base: 0x20000000, Load base: 0x0800dd64, Size: 0x000057d8, Max: 0x0001c000, ABSOLUTE, COMPRESSED[0x000000a8])

    Exec Addr    Load Addr    Size         Type   Attr      Idx    E Section Name        Object

    0x20000000   COMPRESSED   0x00000010   Data   RW          301    .data               freertos.o
    0x20000010   COMPRESSED   0x00000097   Data   RW          964    .data               oled.o
    0x200000a7   COMPRESSED   0x00000001   PAD
    0x200000a8   COMPRESSED   0x0000000d   Data   RW         1507    .data               mpu6050_dmp.o
    0x200000b5   COMPRESSED   0x00000003   PAD
    0x200000b8   COMPRESSED   0x0000001c   Data   RW         1691    .data               mpu6050_imu.o
    0x200000d4   COMPRESSED   0x0000000c   Data   RW         1739    .data               bluetooth.o
    0x200000e0   COMPRESSED   0x00000040   Data   RW         1882    .data               control.o
    0x20000120   COMPRESSED   0x00000010   Data   RW         1945    .data               radar.o
    0x20000130   COMPRESSED   0x0000002c   Data   RW         2068    .data               inv_mpu.o
    0x2000015c   COMPRESSED   0x00000009   Data   RW         5232    .data               stm32f4xx_hal.o
    0x20000165   COMPRESSED   0x00000003   PAD
    0x20000168   COMPRESSED   0x00000004   Data   RW         7307    .data               system_stm32f4xx.o
    0x2000016c   COMPRESSED   0x0000003c   Data   RW         7980    .data               tasks.o
    0x200001a8   COMPRESSED   0x00000014   Data   RW         8322    .data               timers.o
    0x200001bc   COMPRESSED   0x00000004   Data   RW         8559    .data               cmsis_os2.o
    0x200001c0   COMPRESSED   0x00000020   Data   RW         9021    .data               heap_4.o
    0x200001e0   COMPRESSED   0x0000000c   Data   RW         9077    .data               port.o
    0x200001ec   COMPRESSED   0x00000004   Data   RW         9709    .data               mc_w.l(stdout.o)
    0x200001f0   COMPRESSED   0x00000004   Data   RW         9716    .data               mc_w.l(mvars.o)
    0x200001f4   COMPRESSED   0x00000004   Data   RW         9717    .data               mc_w.l(mvars.o)
    0x200001f8   COMPRESSED   0x00000004   Data   RW         9721    .data               mc_w.l(errno.o)
    0x200001fc        -       0x00000150   Zero   RW          385    .bss                adc.o
    0x2000034c        -       0x000000a8   Zero   RW          457    .bss                i2c.o
    0x200003f4        -       0x000001b0   Zero   RW          511    .bss                tim.o
    0x200005a4        -       0x00000110   Zero   RW          606    .bss                usart.o
    0x200006b4        -       0x00000048   Zero   RW          825    .bss                stm32f4xx_hal_timebase_tim.o
    0x200006fc        -       0x00000028   Zero   RW         1147    .bss                adcc.o
    0x20000724        -       0x00000048   Zero   RW         1308    .bss                motor.o
    0x2000076c        -       0x0000001c   Zero   RW         1506    .bss                mpu6050_dmp.o
    0x20000788        -       0x00000028   Zero   RW         1689    .bss                mpu6050_imu.o
    0x200007b0        -       0x0000004b   Zero   RW         1738    .bss                bluetooth.o
    0x200007fb   COMPRESSED   0x00000001   PAD
    0x200007fc        -       0x000000ec   Zero   RW         1944    .bss                radar.o
    0x200008e8        -       0x00000010   Zero   RW         2386    .bss                inv_mpu_dmp_motion_driver.o
    0x200008f8        -       0x00000040   Zero   RW         7548    .bss                queue.o
    0x20000938        -       0x000004c4   Zero   RW         7979    .bss                tasks.o
    0x20000dfc        -       0x00000118   Zero   RW         8321    .bss                timers.o
    0x20000f14        -       0x000006c0   Zero   RW         8558    .bss                cmsis_os2.o
    0x200015d4        -       0x00003c00   Zero   RW         9020    .bss                heap_4.o
    0x200051d4   COMPRESSED   0x00000004   PAD
    0x200051d8        -       0x00000200   Zero   RW            2    HEAP                startup_stm32f405xx.o
    0x200053d8        -       0x00000400   Zero   RW            1    STACK               startup_stm32f405xx.o


    Execution Region RW_IRAM2 (Exec base: 0x2001c000, Load base: 0x0800de0c, Size: 0x00000000, Max: 0x00004000, ABSOLUTE)

    **** No section assigned to this execution region ****


==============================================================================

Image component sizes


      Code (inc. data)   RO Data    RW Data    ZI Data      Debug   Object Name

       536         54          0          0        336       2698   adc.o
       172         38          0          0         40       2285   adcc.o
       660         86          0         12         75       8314   bluetooth.o
        48         12          0          0          0       1515   buzzer.o
       430         38          0          4       1728      65491   cmsis_os2.o
       548         92          0         64          0       2602   control.o
        52         12          0          0          0       1053   debug.o
        72          4          0          0          0        834   dma.o
         0          0          0          0          0        392   empl_outputs.o
         0          0          0          0          0      19604   event_groups.o
       552        116        204         16          0       4409   freertos.o
       296         18          0          0          0       1095   gpio.o
       724         74          0         32      15360       5051   heap_4.o
       432         48          0          0        168       2526   i2c.o
      5820        218         84         44          0      29907   inv_mpu.o
      3132        140       3062          0         16      22182   inv_mpu_dmp_motion_driver.o
       104         22          0          0          0       2988   led.o
       148          0          0          0          0       3750   list.o
       382         32          0          0          0     679448   main.o
       118          0          0          0          0       1387   ml_math_func.o
      1050        138          0          0         72       6855   motor.o
       750         94          0          0          0      10262   mpu6050.o
       898         56          0         13         28       6180   mpu6050_dmp.o
        76         14          0         28         40       2517   mpu6050_imu.o
       958         40       2248        151          0       8148   oled.o
      1014         92          0         12          0      12065   port.o
      1922         20          0          0         64      17884   queue.o
      1036         72          0         16        236       5512   radar.o
       172         34          0          0          0       2059   servo.o
        36          8        392          0       1536        868   startup_stm32f405xx.o
       136         24          0          9          0       8934   stm32f4xx_hal.o
      1460         66          0          0          0       7709   stm32f4xx_hal_adc.o
       252         22          0          0          0      33858   stm32f4xx_hal_cortex.o
      1436         16          8          0          0       7298   stm32f4xx_hal_dma.o
       542         50          0          0          0       3476   stm32f4xx_hal_gpio.o
      3304         56          0          0          0      13957   stm32f4xx_hal_i2c.o
        84          6          0          0          0        922   stm32f4xx_hal_msp.o
      1888         94          0          0          0       6513   stm32f4xx_hal_rcc.o
      2456        142          0          0          0      14700   stm32f4xx_hal_tim.o
       184         30          0          0          0       2613   stm32f4xx_hal_tim_ex.o
       180         20          0          0         72       1560   stm32f4xx_hal_timebase_tim.o
      2432         14          0          0          0      13752   stm32f4xx_hal_uart.o
       262         82          0          0          0      10007   stm32f4xx_it.o
        20          6         24          4          0       1223   system_stm32f4xx.o
      2808        346          0         60       1220      28270   tasks.o
      1420        106          0          0        432       7577   tim.o
      1318        124          0         20        280      33431   timers.o
       804         74          0          0        272       3947   usart.o

    ----------------------------------------------------------------------
     43180       2850       6060        492      21980    1129628   Object Totals
         0          0         32          0          0          0   (incl. Generated)
        56          0          6          7          5          0   (incl. Padding)

    ----------------------------------------------------------------------

      Code (inc. data)   RO Data    RW Data    ZI Data      Debug   Library Member Name

       864         94         80          0          0        280   asin.o
       744        106        152          0          0        352   atan.o
       496         64          0          0          0        192   atan2.o
       104         16          0          0          0        496   dunder.o
        44          0          0          0          0        248   fabs.o
        48          0          0          0          0        124   fpclassify.o
       248          0          0          0          0        152   poly.o
         0          0          8          0          0          0   qnan.o
       110          0          0          0          0        148   sqrt.o
        86          0          0          0          0          0   __dczerorl2.o
         0          0          0          0          0          0   entry.o
         0          0          0          0          0          0   entry10a.o
         0          0          0          0          0          0   entry11a.o
         8          4          0          0          0          0   entry2.o
         4          0          0          0          0          0   entry5.o
         0          0          0          0          0          0   entry7b.o
         0          0          0          0          0          0   entry8b.o
         8          4          0          0          0          0   entry9a.o
        12          6          0          4          0         68   errno.o
        30          0          0          0          0          0   handlers.o
        36          8          0          0          0         68   init.o
         0          0          0          0          0          0   iusefp.o
        98          0          0          0          0         84   ldiv.o
        30          0          0          0          0         68   llshl.o
        36          0          0          0          0         68   llsshr.o
        32          0          0          0          0         68   llushr.o
       108         16          0          0          0         84   malloc.o
        26          0          0          0          0         80   memcmp.o
        64          0          0          0          0         76   memmovea.o
        36          0          0          0          0        108   memseta.o
         0          0          0          8          0          0   mvars.o
      2258         90          0          0          0        452   printfa.o
         0          0          0          4          0          0   stdout.o
        44          0          0          0          0         80   uidiv.o
        98          0          0          0          0         92   uldiv.o
        48          0          0          0          0         68   cdcmple.o
        48          0          0          0          0         68   cdrcmple.o
        56          0          0          0          0         88   d2f.o
       334          0          0          0          0        148   dadd.o
       222          0          0          0          0        100   ddiv.o
       186          0          0          0          0        176   depilogue.o
        48          0          0          0          0         68   dfixul.o
        34          0          0          0          0         76   dflti.o
       228          0          0          0          0         96   dmul.o
       162          0          0          0          0        100   dsqrt.o
        38          0          0          0          0         68   f2d.o
       110          0          0          0          0        168   fepilogue.o

    ----------------------------------------------------------------------
      7196        408        240         16          0       4612   Library Totals
        10          0          0          0          0          0   (incl. Padding)

    ----------------------------------------------------------------------

      Code (inc. data)   RO Data    RW Data    ZI Data      Debug   Library Name

      2658        280        240          0          0       1992   m_wm.l
      3014        128          0         16          0       1396   mc_w.l
      1514          0          0          0          0       1224   mf_w.l

    ----------------------------------------------------------------------
      7196        408        240         16          0       4612   Library Totals

    ----------------------------------------------------------------------

==============================================================================


      Code (inc. data)   RO Data    RW Data    ZI Data      Debug   

     50376       3258       6300        508      21980    1098972   Grand Totals
     50376       3258       6300        168      21980    1098972   ELF Image Totals (compressed)
     50376       3258       6300        168          0          0   ROM Totals

==============================================================================

    Total RO  Size (Code + RO Data)                56676 (  55.35kB)
    Total RW  Size (RW Data + ZI Data)             22488 (  21.96kB)
    Total ROM Size (Code + RO Data + RW Data)      56844 (  55.51kB)

==============================================================================

