<html>
<body>
<pre>
<h1>礦ision Build Log</h1>
<h2>Tool Versions:</h2>
IDE-Version: μVision V5.28.0.0
Copyright (C) 2019 ARM Ltd and ARM Germany GmbH. All rights reserved.
License Information: 1 1, 1, LIC=14HV2-9U191-12SLE-5988Y-7QG67-NF0RV
 
Tool Versions:
Toolchain:       MDK-ARM Plus  Version: 5.28.0.0
Toolchain Path:  C:\Keil_v5\ARM\ARMCC\Bin
C Compiler:      Armcc.exe V5.06 update 6 (build 750)
Assembler:       Armasm.exe V5.06 update 6 (build 750)
Linker/Locator:  ArmLink.exe V5.06 update 6 (build 750)
Library Manager: ArmAr.exe V5.06 update 6 (build 750)
Hex Converter:   FromElf.exe V5.06 update 6 (build 750)
CPU DLL:         SARMCM3.DLL V5.28.0.0
Dialog DLL:      DCM.DLL V1.17.3.0
Target DLL:      STLink\ST-LINKIII-KEIL_SWO.dll V3.0.6.0
Dialog DLL:      TCM.DLL V1.36.2.0
 
<h2>Project:</h2>
C:\Users\stoneoceam\Desktop\Graduation Design\Test\20_STM32F405RGT6\MDK-ARM\20_STM32F405RGT6.uvprojx
Project File Date:  05/21/2024

<h2>Output:</h2>
*** Using Compiler 'V5.06 update 6 (build 750)', folder: 'C:\Keil_v5\ARM\ARMCC\Bin'
Rebuild target '20_STM32F405RGT6'
assembling startup_stm32f405xx.s...
compiling dma.c...
compiling oled.c...
compiling stm32f4xx_hal_timebase_tim.c...
compiling led.c...
compiling tim.c...
compiling gpio.c...
compiling stm32f4xx_it.c...
compiling main.c...
compiling freertos.c...
compiling adcc.c...
..\User\adcc\adcc.c(50): warning:  #1035-D: single-precision operand implicitly converted to double-precision
  	if(Get_Voltage() < 10.6)
..\User\adcc\adcc.c: 1 warning, 0 errors
compiling stm32f4xx_hal_msp.c...
compiling pid.c...
compiling adc.c...
compiling i2c.c...
compiling buzzer.c...
compiling debug.c...
compiling usart.c...
compiling message_layer.c...
compiling eMPL_outputs.c...
compiling hal_outputs.c...
compiling ml_math_func.c...
compiling data_builder.c...
compiling mpl.c...
compiling start_manager.c...
compiling storage_manager.c...
compiling mlmath.c...
compiling results_holder.c...
compiling stm32f4xx_ll_adc.c...
compiling servo.c...
..\User\servo\servo.c(28): warning:  #186-D: pointless comparison of unsigned integer with zero
  	if(angle < 0 ) angle = 0;
..\User\servo\servo.c(40): warning:  #186-D: pointless comparison of unsigned integer with zero
  	if(angle < 0 ) angle = 0;
..\User\servo\servo.c: 2 warnings, 0 errors
compiling motor.c...
compiling mpu6050_imu.c...
compiling bluetooth.c...
compiling mpu6050_dmp.c...
compiling radar.c...
..\User\radar\radar.c(152): warning:  #177-D: variable "state"  was declared but never referenced
  	static uint8_t state = 0;//状态位
..\User\radar\radar.c(153): warning:  #177-D: variable "crc_sum"  was declared but never referenced
  	static uint8_t crc_sum = 0;//校验和
..\User\radar\radar.c(239): warning:  #1-D: last line of file ends without a newline
  }
..\User\radar\radar.c: 3 warnings, 0 errors
compiling control.c...
compiling mpu6050.c...
..\User\mpu6050\mpu6050.c(95): warning:  #550-D: variable "res"  was set but never used
  	uint8_t res;
..\User\mpu6050\mpu6050.c: 1 warning, 0 errors
compiling inv_mpu.c...
compiling log_stm32.c...
compiling inv_mpu_dmp_motion_driver.c...
compiling stm32f4xx_hal_rcc_ex.c...
compiling stm32f4xx_hal_flash.c...
compiling stm32f4xx_hal_flash_ex.c...
compiling stm32f4xx_hal_rcc.c...
compiling stm32f4xx_hal_adc.c...
compiling stm32f4xx_hal_adc_ex.c...
compiling stm32f4xx_hal_flash_ramfunc.c...
compiling stm32f4xx_hal_cortex.c...
compiling croutine.c...
compiling stm32f4xx_hal_gpio.c...
compiling event_groups.c...
compiling list.c...
compiling queue.c...
compiling stream_buffer.c...
compiling tasks.c...
compiling timers.c...
compiling stm32f4xx_hal_pwr_ex.c...
compiling heap_4.c...
compiling stm32f4xx_hal_pwr.c...
compiling stm32f4xx_hal_dma.c...
compiling port.c...
compiling stm32f4xx_hal.c...
compiling stm32f4xx_hal_exti.c...
compiling stm32f4xx_hal_dma_ex.c...
compiling stm32f4xx_hal_i2c_ex.c...
compiling stm32f4xx_hal_i2c.c...
compiling stm32f4xx_hal_tim_ex.c...
compiling system_stm32f4xx.c...
compiling stm32f4xx_hal_uart.c...
compiling stm32f4xx_hal_tim.c...
compiling cmsis_os2.c...
linking...
Program Size: Code=50376 RO-data=6300 RW-data=508 ZI-data=21980  
FromELF: creating hex file...
"20_STM32F405RGT6\20_STM32F405RGT6.axf" - 0 Error(s), 7 Warning(s).

<h2>Software Packages used:</h2>

Package Vendor: ARM
                http://www.keil.com/pack/ARM.CMSIS.5.9.0.pack
                ARM.CMSIS.5.9.0
                CMSIS (Common Microcontroller Software Interface Standard)
   * Component: CORE Version: 5.6.0

Package Vendor: Keil
                http://www.keil.com/pack/Keil.STM32F4xx_DFP.2.16.0.pack
                Keil.STM32F4xx_DFP.2.16.0
                STMicroelectronics STM32F4 Series Device Support, Drivers and Examples

<h2>Collection of Component include folders:</h2>
  .\RTE\_20_STM32F405RGT6
  C:\Users\stoneoceam\AppData\Local\Arm\Packs\ARM\CMSIS\5.9.0\CMSIS\Core\Include
  C:\Users\stoneoceam\AppData\Local\Arm\Packs\Keil\STM32F4xx_DFP\2.16.0\Drivers\CMSIS\Device\ST\STM32F4xx\Include

<h2>Collection of Component Files used:</h2>

   * Component: ARM::CMSIS:CORE:5.6.0
      Include file:  CMSIS\Core\Include\tz_context.h
Build Time Elapsed:  00:00:22
</pre>
</body>
</html>
